Archive member included to satisfy reference by file (symbol)

h:/softwares-installed/stm_ide/stm32cubeide_1.3.0/stm32cubeide/plugins/com.st.stm32cube.ide.mcu.externaltools.gnu-tools-for-stm32.7-2018-q2-update.win32_1.0.0.201904181610/tools/bin/../lib/gcc/arm-none-eabi/7.3.1/../../../../arm-none-eabi/lib/thumb/v7e-m\libc_nano.a(lib_a-errno.o)
                              Src/syscalls.o (__errno)
h:/softwares-installed/stm_ide/stm32cubeide_1.3.0/stm32cubeide/plugins/com.st.stm32cube.ide.mcu.externaltools.gnu-tools-for-stm32.7-2018-q2-update.win32_1.0.0.201904181610/tools/bin/../lib/gcc/arm-none-eabi/7.3.1/../../../../arm-none-eabi/lib/thumb/v7e-m\libc_nano.a(lib_a-exit.o)
                              h:/softwares-installed/stm_ide/stm32cubeide_1.3.0/stm32cubeide/plugins/com.st.stm32cube.ide.mcu.externaltools.gnu-tools-for-stm32.7-2018-q2-update.win32_1.0.0.201904181610/tools/bin/../lib/gcc/arm-none-eabi/7.3.1/../../../../arm-none-eabi/lib/thumb/v7e-m/crt0.o (exit)
h:/softwares-installed/stm_ide/stm32cubeide_1.3.0/stm32cubeide/plugins/com.st.stm32cube.ide.mcu.externaltools.gnu-tools-for-stm32.7-2018-q2-update.win32_1.0.0.201904181610/tools/bin/../lib/gcc/arm-none-eabi/7.3.1/../../../../arm-none-eabi/lib/thumb/v7e-m\libc_nano.a(lib_a-impure.o)
                              h:/softwares-installed/stm_ide/stm32cubeide_1.3.0/stm32cubeide/plugins/com.st.stm32cube.ide.mcu.externaltools.gnu-tools-for-stm32.7-2018-q2-update.win32_1.0.0.201904181610/tools/bin/../lib/gcc/arm-none-eabi/7.3.1/../../../../arm-none-eabi/lib/thumb/v7e-m\libc_nano.a(lib_a-exit.o) (_global_impure_ptr)
h:/softwares-installed/stm_ide/stm32cubeide_1.3.0/stm32cubeide/plugins/com.st.stm32cube.ide.mcu.externaltools.gnu-tools-for-stm32.7-2018-q2-update.win32_1.0.0.201904181610/tools/bin/../lib/gcc/arm-none-eabi/7.3.1/../../../../arm-none-eabi/lib/thumb/v7e-m\libc_nano.a(lib_a-init.o)
                              h:/softwares-installed/stm_ide/stm32cubeide_1.3.0/stm32cubeide/plugins/com.st.stm32cube.ide.mcu.externaltools.gnu-tools-for-stm32.7-2018-q2-update.win32_1.0.0.201904181610/tools/bin/../lib/gcc/arm-none-eabi/7.3.1/../../../../arm-none-eabi/lib/thumb/v7e-m/crt0.o (__libc_init_array)
h:/softwares-installed/stm_ide/stm32cubeide_1.3.0/stm32cubeide/plugins/com.st.stm32cube.ide.mcu.externaltools.gnu-tools-for-stm32.7-2018-q2-update.win32_1.0.0.201904181610/tools/bin/../lib/gcc/arm-none-eabi/7.3.1/../../../../arm-none-eabi/lib/thumb/v7e-m\libc_nano.a(lib_a-memset.o)
                              h:/softwares-installed/stm_ide/stm32cubeide_1.3.0/stm32cubeide/plugins/com.st.stm32cube.ide.mcu.externaltools.gnu-tools-for-stm32.7-2018-q2-update.win32_1.0.0.201904181610/tools/bin/../lib/gcc/arm-none-eabi/7.3.1/../../../../arm-none-eabi/lib/thumb/v7e-m/crt0.o (memset)

Allocating common symbols
Common symbol       size              file

USART2_Handle       0x10              Src/015uart_tx.o

Discarded input sections

 .text          0x0000000000000000        0x0 h:/softwares-installed/stm_ide/stm32cubeide_1.3.0/stm32cubeide/plugins/com.st.stm32cube.ide.mcu.externaltools.gnu-tools-for-stm32.7-2018-q2-update.win32_1.0.0.201904181610/tools/bin/../lib/gcc/arm-none-eabi/7.3.1/thumb/v7e-m/crti.o
 .data          0x0000000000000000        0x0 h:/softwares-installed/stm_ide/stm32cubeide_1.3.0/stm32cubeide/plugins/com.st.stm32cube.ide.mcu.externaltools.gnu-tools-for-stm32.7-2018-q2-update.win32_1.0.0.201904181610/tools/bin/../lib/gcc/arm-none-eabi/7.3.1/thumb/v7e-m/crti.o
 .bss           0x0000000000000000        0x0 h:/softwares-installed/stm_ide/stm32cubeide_1.3.0/stm32cubeide/plugins/com.st.stm32cube.ide.mcu.externaltools.gnu-tools-for-stm32.7-2018-q2-update.win32_1.0.0.201904181610/tools/bin/../lib/gcc/arm-none-eabi/7.3.1/thumb/v7e-m/crti.o
 .data          0x0000000000000000        0x4 h:/softwares-installed/stm_ide/stm32cubeide_1.3.0/stm32cubeide/plugins/com.st.stm32cube.ide.mcu.externaltools.gnu-tools-for-stm32.7-2018-q2-update.win32_1.0.0.201904181610/tools/bin/../lib/gcc/arm-none-eabi/7.3.1/thumb/v7e-m/crtbegin.o
 .text          0x0000000000000000       0x74 h:/softwares-installed/stm_ide/stm32cubeide_1.3.0/stm32cubeide/plugins/com.st.stm32cube.ide.mcu.externaltools.gnu-tools-for-stm32.7-2018-q2-update.win32_1.0.0.201904181610/tools/bin/../lib/gcc/arm-none-eabi/7.3.1/../../../../arm-none-eabi/lib/thumb/v7e-m/crt0.o
 .data          0x0000000000000000        0x0 h:/softwares-installed/stm_ide/stm32cubeide_1.3.0/stm32cubeide/plugins/com.st.stm32cube.ide.mcu.externaltools.gnu-tools-for-stm32.7-2018-q2-update.win32_1.0.0.201904181610/tools/bin/../lib/gcc/arm-none-eabi/7.3.1/../../../../arm-none-eabi/lib/thumb/v7e-m/crt0.o
 .bss           0x0000000000000000        0x0 h:/softwares-installed/stm_ide/stm32cubeide_1.3.0/stm32cubeide/plugins/com.st.stm32cube.ide.mcu.externaltools.gnu-tools-for-stm32.7-2018-q2-update.win32_1.0.0.201904181610/tools/bin/../lib/gcc/arm-none-eabi/7.3.1/../../../../arm-none-eabi/lib/thumb/v7e-m/crt0.o
 .ARM.extab     0x0000000000000000        0x0 h:/softwares-installed/stm_ide/stm32cubeide_1.3.0/stm32cubeide/plugins/com.st.stm32cube.ide.mcu.externaltools.gnu-tools-for-stm32.7-2018-q2-update.win32_1.0.0.201904181610/tools/bin/../lib/gcc/arm-none-eabi/7.3.1/../../../../arm-none-eabi/lib/thumb/v7e-m/crt0.o
 .ARM.exidx     0x0000000000000000        0x8 h:/softwares-installed/stm_ide/stm32cubeide_1.3.0/stm32cubeide/plugins/com.st.stm32cube.ide.mcu.externaltools.gnu-tools-for-stm32.7-2018-q2-update.win32_1.0.0.201904181610/tools/bin/../lib/gcc/arm-none-eabi/7.3.1/../../../../arm-none-eabi/lib/thumb/v7e-m/crt0.o
 .ARM.attributes
                0x0000000000000000       0x1c h:/softwares-installed/stm_ide/stm32cubeide_1.3.0/stm32cubeide/plugins/com.st.stm32cube.ide.mcu.externaltools.gnu-tools-for-stm32.7-2018-q2-update.win32_1.0.0.201904181610/tools/bin/../lib/gcc/arm-none-eabi/7.3.1/../../../../arm-none-eabi/lib/thumb/v7e-m/crt0.o
 .group         0x0000000000000000        0xc Src/015uart_tx.o
 .group         0x0000000000000000        0xc Src/015uart_tx.o
 .group         0x0000000000000000        0xc Src/015uart_tx.o
 .group         0x0000000000000000        0xc Src/015uart_tx.o
 .group         0x0000000000000000        0xc Src/015uart_tx.o
 .group         0x0000000000000000        0xc Src/015uart_tx.o
 .group         0x0000000000000000        0xc Src/015uart_tx.o
 .group         0x0000000000000000        0xc Src/015uart_tx.o
 .group         0x0000000000000000        0xc Src/015uart_tx.o
 .group         0x0000000000000000        0xc Src/015uart_tx.o
 .group         0x0000000000000000        0xc Src/015uart_tx.o
 .group         0x0000000000000000        0xc Src/015uart_tx.o
 .group         0x0000000000000000        0xc Src/015uart_tx.o
 .group         0x0000000000000000        0xc Src/015uart_tx.o
 .group         0x0000000000000000        0xc Src/015uart_tx.o
 .group         0x0000000000000000        0xc Src/015uart_tx.o
 .group         0x0000000000000000        0xc Src/015uart_tx.o
 .group         0x0000000000000000        0xc Src/015uart_tx.o
 .group         0x0000000000000000        0xc Src/015uart_tx.o
 .group         0x0000000000000000        0xc Src/015uart_tx.o
 .group         0x0000000000000000        0xc Src/015uart_tx.o
 .group         0x0000000000000000        0xc Src/015uart_tx.o
 .group         0x0000000000000000        0xc Src/015uart_tx.o
 .group         0x0000000000000000        0xc Src/015uart_tx.o
 .group         0x0000000000000000        0xc Src/015uart_tx.o
 .group         0x0000000000000000        0xc Src/015uart_tx.o
 .group         0x0000000000000000        0xc Src/015uart_tx.o
 .group         0x0000000000000000        0xc Src/015uart_tx.o
 .group         0x0000000000000000        0xc Src/015uart_tx.o
 .group         0x0000000000000000        0xc Src/015uart_tx.o
 .group         0x0000000000000000        0xc Src/015uart_tx.o
 .group         0x0000000000000000        0xc Src/015uart_tx.o
 .group         0x0000000000000000        0xc Src/015uart_tx.o
 .group         0x0000000000000000        0xc Src/015uart_tx.o
 .group         0x0000000000000000        0xc Src/015uart_tx.o
 .group         0x0000000000000000        0xc Src/015uart_tx.o
 .group         0x0000000000000000        0xc Src/015uart_tx.o
 .group         0x0000000000000000        0xc Src/015uart_tx.o
 .group         0x0000000000000000        0xc Src/015uart_tx.o
 .text          0x0000000000000000        0x0 Src/015uart_tx.o
 .data          0x0000000000000000        0x0 Src/015uart_tx.o
 .bss           0x0000000000000000        0x0 Src/015uart_tx.o
 .data.msg      0x0000000000000000      0x400 Src/015uart_tx.o
 .group         0x0000000000000000        0xc Src/syscalls.o
 .group         0x0000000000000000        0xc Src/syscalls.o
 .group         0x0000000000000000        0xc Src/syscalls.o
 .group         0x0000000000000000        0xc Src/syscalls.o
 .group         0x0000000000000000        0xc Src/syscalls.o
 .group         0x0000000000000000        0xc Src/syscalls.o
 .group         0x0000000000000000        0xc Src/syscalls.o
 .group         0x0000000000000000        0xc Src/syscalls.o
 .group         0x0000000000000000        0xc Src/syscalls.o
 .group         0x0000000000000000        0xc Src/syscalls.o
 .group         0x0000000000000000        0xc Src/syscalls.o
 .group         0x0000000000000000        0xc Src/syscalls.o
 .group         0x0000000000000000        0xc Src/syscalls.o
 .group         0x0000000000000000        0xc Src/syscalls.o
 .group         0x0000000000000000        0xc Src/syscalls.o
 .group         0x0000000000000000        0xc Src/syscalls.o
 .group         0x0000000000000000        0xc Src/syscalls.o
 .group         0x0000000000000000        0xc Src/syscalls.o
 .group         0x0000000000000000        0xc Src/syscalls.o
 .group         0x0000000000000000        0xc Src/syscalls.o
 .group         0x0000000000000000        0xc Src/syscalls.o
 .group         0x0000000000000000        0xc Src/syscalls.o
 .group         0x0000000000000000        0xc Src/syscalls.o
 .group         0x0000000000000000        0xc Src/syscalls.o
 .group         0x0000000000000000        0xc Src/syscalls.o
 .group         0x0000000000000000        0xc Src/syscalls.o
 .group         0x0000000000000000        0xc Src/syscalls.o
 .group         0x0000000000000000        0xc Src/syscalls.o
 .group         0x0000000000000000        0xc Src/syscalls.o
 .group         0x0000000000000000        0xc Src/syscalls.o
 .group         0x0000000000000000        0xc Src/syscalls.o
 .group         0x0000000000000000        0xc Src/syscalls.o
 .group         0x0000000000000000        0xc Src/syscalls.o
 .group         0x0000000000000000        0xc Src/syscalls.o
 .group         0x0000000000000000        0xc Src/syscalls.o
 .group         0x0000000000000000        0xc Src/syscalls.o
 .group         0x0000000000000000        0xc Src/syscalls.o
 .group         0x0000000000000000        0xc Src/syscalls.o
 .group         0x0000000000000000        0xc Src/syscalls.o
 .group         0x0000000000000000        0xc Src/syscalls.o
 .group         0x0000000000000000        0xc Src/syscalls.o
 .group         0x0000000000000000        0xc Src/syscalls.o
 .group         0x0000000000000000        0xc Src/syscalls.o
 .group         0x0000000000000000        0xc Src/syscalls.o
 .text          0x0000000000000000        0x0 Src/syscalls.o
 .data          0x0000000000000000        0x0 Src/syscalls.o
 .bss           0x0000000000000000        0x0 Src/syscalls.o
 .text.ITM_SendChar
                0x0000000000000000       0x4c Src/syscalls.o
 .bss.__env     0x0000000000000000        0x4 Src/syscalls.o
 .data.environ  0x0000000000000000        0x4 Src/syscalls.o
 .text.initialise_monitor_handles
                0x0000000000000000        0xc Src/syscalls.o
 .text._getpid  0x0000000000000000        0xe Src/syscalls.o
 .text._kill    0x0000000000000000       0x20 Src/syscalls.o
 .text._exit    0x0000000000000000       0x14 Src/syscalls.o
 .text._read    0x0000000000000000       0x3a Src/syscalls.o
 .text._write   0x0000000000000000       0x38 Src/syscalls.o
 .text._close   0x0000000000000000       0x16 Src/syscalls.o
 .text._fstat   0x0000000000000000       0x1e Src/syscalls.o
 .text._isatty  0x0000000000000000       0x14 Src/syscalls.o
 .text._lseek   0x0000000000000000       0x18 Src/syscalls.o
 .text._open    0x0000000000000000       0x1a Src/syscalls.o
 .text._wait    0x0000000000000000       0x1e Src/syscalls.o
 .text._unlink  0x0000000000000000       0x1e Src/syscalls.o
 .text._times   0x0000000000000000       0x16 Src/syscalls.o
 .text._stat    0x0000000000000000       0x1e Src/syscalls.o
 .text._link    0x0000000000000000       0x20 Src/syscalls.o
 .text._fork    0x0000000000000000       0x16 Src/syscalls.o
 .text._execve  0x0000000000000000       0x22 Src/syscalls.o
 .debug_info    0x0000000000000000      0xefd Src/syscalls.o
 .debug_abbrev  0x0000000000000000      0x279 Src/syscalls.o
 .debug_aranges
                0x0000000000000000       0xb0 Src/syscalls.o
 .debug_ranges  0x0000000000000000       0xa0 Src/syscalls.o
 .debug_macro   0x0000000000000000      0x255 Src/syscalls.o
 .debug_macro   0x0000000000000000      0xa66 Src/syscalls.o
 .debug_macro   0x0000000000000000       0x22 Src/syscalls.o
 .debug_macro   0x0000000000000000       0x40 Src/syscalls.o
 .debug_macro   0x0000000000000000       0x18 Src/syscalls.o
 .debug_macro   0x0000000000000000       0x94 Src/syscalls.o
 .debug_macro   0x0000000000000000       0x3c Src/syscalls.o
 .debug_macro   0x0000000000000000       0x34 Src/syscalls.o
 .debug_macro   0x0000000000000000       0x57 Src/syscalls.o
 .debug_macro   0x0000000000000000      0x174 Src/syscalls.o
 .debug_macro   0x0000000000000000      0x330 Src/syscalls.o
 .debug_macro   0x0000000000000000       0x52 Src/syscalls.o
 .debug_macro   0x0000000000000000       0x1f Src/syscalls.o
 .debug_macro   0x0000000000000000       0x43 Src/syscalls.o
 .debug_macro   0x0000000000000000       0x20 Src/syscalls.o
 .debug_macro   0x0000000000000000      0x1a3 Src/syscalls.o
 .debug_macro   0x0000000000000000       0x10 Src/syscalls.o
 .debug_macro   0x0000000000000000       0x35 Src/syscalls.o
 .debug_macro   0x0000000000000000       0x10 Src/syscalls.o
 .debug_macro   0x0000000000000000       0x10 Src/syscalls.o
 .debug_macro   0x0000000000000000       0x10 Src/syscalls.o
 .debug_macro   0x0000000000000000       0x6a Src/syscalls.o
 .debug_macro   0x0000000000000000       0x1c Src/syscalls.o
 .debug_macro   0x0000000000000000       0x52 Src/syscalls.o
 .debug_macro   0x0000000000000000       0x40 Src/syscalls.o
 .debug_macro   0x0000000000000000       0x10 Src/syscalls.o
 .debug_macro   0x0000000000000000       0x40 Src/syscalls.o
 .debug_macro   0x0000000000000000       0xd7 Src/syscalls.o
 .debug_macro   0x0000000000000000       0x1c Src/syscalls.o
 .debug_macro   0x0000000000000000       0x3d Src/syscalls.o
 .debug_macro   0x0000000000000000       0x35 Src/syscalls.o
 .debug_macro   0x0000000000000000      0x122 Src/syscalls.o
 .debug_macro   0x0000000000000000       0x16 Src/syscalls.o
 .debug_macro   0x0000000000000000       0x16 Src/syscalls.o
 .debug_macro   0x0000000000000000       0x29 Src/syscalls.o
 .debug_macro   0x0000000000000000       0x10 Src/syscalls.o
 .debug_macro   0x0000000000000000      0x241 Src/syscalls.o
 .debug_macro   0x0000000000000000       0x1c Src/syscalls.o
 .debug_macro   0x0000000000000000       0x10 Src/syscalls.o
 .debug_macro   0x0000000000000000       0x10 Src/syscalls.o
 .debug_macro   0x0000000000000000       0x16 Src/syscalls.o
 .debug_macro   0x0000000000000000      0x145 Src/syscalls.o
 .debug_macro   0x0000000000000000      0x189 Src/syscalls.o
 .debug_macro   0x0000000000000000       0x16 Src/syscalls.o
 .debug_macro   0x0000000000000000       0x88 Src/syscalls.o
 .debug_line    0x0000000000000000      0x9f6 Src/syscalls.o
 .debug_str     0x0000000000000000     0x893a Src/syscalls.o
 .comment       0x0000000000000000       0x7c Src/syscalls.o
 .debug_frame   0x0000000000000000      0x2d4 Src/syscalls.o
 .ARM.attributes
                0x0000000000000000       0x33 Src/syscalls.o
 .group         0x0000000000000000        0xc Src/sysmem.o
 .group         0x0000000000000000        0xc Src/sysmem.o
 .group         0x0000000000000000        0xc Src/sysmem.o
 .group         0x0000000000000000        0xc Src/sysmem.o
 .group         0x0000000000000000        0xc Src/sysmem.o
 .group         0x0000000000000000        0xc Src/sysmem.o
 .group         0x0000000000000000        0xc Src/sysmem.o
 .group         0x0000000000000000        0xc Src/sysmem.o
 .group         0x0000000000000000        0xc Src/sysmem.o
 .group         0x0000000000000000        0xc Src/sysmem.o
 .group         0x0000000000000000        0xc Src/sysmem.o
 .group         0x0000000000000000        0xc Src/sysmem.o
 .group         0x0000000000000000        0xc Src/sysmem.o
 .group         0x0000000000000000        0xc Src/sysmem.o
 .group         0x0000000000000000        0xc Src/sysmem.o
 .group         0x0000000000000000        0xc Src/sysmem.o
 .group         0x0000000000000000        0xc Src/sysmem.o
 .group         0x0000000000000000        0xc Src/sysmem.o
 .group         0x0000000000000000        0xc Src/sysmem.o
 .group         0x0000000000000000        0xc Src/sysmem.o
 .group         0x0000000000000000        0xc Src/sysmem.o
 .group         0x0000000000000000        0xc Src/sysmem.o
 .group         0x0000000000000000        0xc Src/sysmem.o
 .group         0x0000000000000000        0xc Src/sysmem.o
 .group         0x0000000000000000        0xc Src/sysmem.o
 .group         0x0000000000000000        0xc Src/sysmem.o
 .group         0x0000000000000000        0xc Src/sysmem.o
 .group         0x0000000000000000        0xc Src/sysmem.o
 .group         0x0000000000000000        0xc Src/sysmem.o
 .group         0x0000000000000000        0xc Src/sysmem.o
 .group         0x0000000000000000        0xc Src/sysmem.o
 .group         0x0000000000000000        0xc Src/sysmem.o
 .text          0x0000000000000000        0x0 Src/sysmem.o
 .data          0x0000000000000000        0x0 Src/sysmem.o
 .bss           0x0000000000000000        0x0 Src/sysmem.o
 .bss.heap_end.5149
                0x0000000000000000        0x4 Src/sysmem.o
 .text._sbrk    0x0000000000000000       0x58 Src/sysmem.o
 .debug_info    0x0000000000000000      0x91c Src/sysmem.o
 .debug_abbrev  0x0000000000000000      0x1bb Src/sysmem.o
 .debug_aranges
                0x0000000000000000       0x20 Src/sysmem.o
 .debug_ranges  0x0000000000000000       0x10 Src/sysmem.o
 .debug_macro   0x0000000000000000      0x1ae Src/sysmem.o
 .debug_macro   0x0000000000000000      0xa66 Src/sysmem.o
 .debug_macro   0x0000000000000000       0x10 Src/sysmem.o
 .debug_macro   0x0000000000000000       0x22 Src/sysmem.o
 .debug_macro   0x0000000000000000       0x40 Src/sysmem.o
 .debug_macro   0x0000000000000000       0x18 Src/sysmem.o
 .debug_macro   0x0000000000000000       0x94 Src/sysmem.o
 .debug_macro   0x0000000000000000       0x3c Src/sysmem.o
 .debug_macro   0x0000000000000000       0x34 Src/sysmem.o
 .debug_macro   0x0000000000000000      0x174 Src/sysmem.o
 .debug_macro   0x0000000000000000       0x57 Src/sysmem.o
 .debug_macro   0x0000000000000000       0x52 Src/sysmem.o
 .debug_macro   0x0000000000000000       0x1f Src/sysmem.o
 .debug_macro   0x0000000000000000       0x43 Src/sysmem.o
 .debug_macro   0x0000000000000000       0x20 Src/sysmem.o
 .debug_macro   0x0000000000000000      0x1a3 Src/sysmem.o
 .debug_macro   0x0000000000000000      0x23b Src/sysmem.o
 .debug_macro   0x0000000000000000       0x16 Src/sysmem.o
 .debug_macro   0x0000000000000000       0x35 Src/sysmem.o
 .debug_macro   0x0000000000000000      0x330 Src/sysmem.o
 .debug_macro   0x0000000000000000       0x10 Src/sysmem.o
 .debug_macro   0x0000000000000000       0x10 Src/sysmem.o
 .debug_macro   0x0000000000000000       0x6a Src/sysmem.o
 .debug_macro   0x0000000000000000       0x1c Src/sysmem.o
 .debug_macro   0x0000000000000000       0x52 Src/sysmem.o
 .debug_macro   0x0000000000000000       0x40 Src/sysmem.o
 .debug_macro   0x0000000000000000       0x10 Src/sysmem.o
 .debug_macro   0x0000000000000000       0x40 Src/sysmem.o
 .debug_macro   0x0000000000000000       0xd7 Src/sysmem.o
 .debug_macro   0x0000000000000000       0x1c Src/sysmem.o
 .debug_macro   0x0000000000000000       0x3d Src/sysmem.o
 .debug_macro   0x0000000000000000       0x16 Src/sysmem.o
 .debug_macro   0x0000000000000000      0x145 Src/sysmem.o
 .debug_line    0x0000000000000000      0x7f7 Src/sysmem.o
 .debug_str     0x0000000000000000     0x7ad8 Src/sysmem.o
 .comment       0x0000000000000000       0x7c Src/sysmem.o
 .debug_frame   0x0000000000000000       0x34 Src/sysmem.o
 .ARM.attributes
                0x0000000000000000       0x33 Src/sysmem.o
 .text          0x0000000000000000       0x14 Startup/startup_stm32f446retx.o
 .data          0x0000000000000000        0x0 Startup/startup_stm32f446retx.o
 .bss           0x0000000000000000        0x0 Startup/startup_stm32f446retx.o
 .group         0x0000000000000000        0xc drivers/Src/stm32f446xx_gpio_driver.o
 .group         0x0000000000000000        0xc drivers/Src/stm32f446xx_gpio_driver.o
 .group         0x0000000000000000        0xc drivers/Src/stm32f446xx_gpio_driver.o
 .group         0x0000000000000000        0xc drivers/Src/stm32f446xx_gpio_driver.o
 .group         0x0000000000000000        0xc drivers/Src/stm32f446xx_gpio_driver.o
 .group         0x0000000000000000        0xc drivers/Src/stm32f446xx_gpio_driver.o
 .group         0x0000000000000000        0xc drivers/Src/stm32f446xx_gpio_driver.o
 .group         0x0000000000000000        0xc drivers/Src/stm32f446xx_gpio_driver.o
 .group         0x0000000000000000        0xc drivers/Src/stm32f446xx_gpio_driver.o
 .group         0x0000000000000000        0xc drivers/Src/stm32f446xx_gpio_driver.o
 .group         0x0000000000000000        0xc drivers/Src/stm32f446xx_gpio_driver.o
 .group         0x0000000000000000        0xc drivers/Src/stm32f446xx_gpio_driver.o
 .group         0x0000000000000000        0xc drivers/Src/stm32f446xx_gpio_driver.o
 .text          0x0000000000000000        0x0 drivers/Src/stm32f446xx_gpio_driver.o
 .data          0x0000000000000000        0x0 drivers/Src/stm32f446xx_gpio_driver.o
 .bss           0x0000000000000000        0x0 drivers/Src/stm32f446xx_gpio_driver.o
 .text.GPIO_DeInit
                0x0000000000000000      0x144 drivers/Src/stm32f446xx_gpio_driver.o
 .text.GPIO_ReadFromInputPort
                0x0000000000000000       0x1a drivers/Src/stm32f446xx_gpio_driver.o
 .text.GPIO_WriteToOuputPin
                0x0000000000000000       0x48 drivers/Src/stm32f446xx_gpio_driver.o
 .text.GPIO_WriteToOutputPort
                0x0000000000000000       0x1c drivers/Src/stm32f446xx_gpio_driver.o
 .text.GPIO_ToggleOutputPin
                0x0000000000000000       0x28 drivers/Src/stm32f446xx_gpio_driver.o
 .text.GPIO_IRQInterruptConfig
                0x0000000000000000      0x108 drivers/Src/stm32f446xx_gpio_driver.o
 .text.GPIO_IRQPriorityConfig
                0x0000000000000000       0x44 drivers/Src/stm32f446xx_gpio_driver.o
 .text.GPIO_IRQHandling
                0x0000000000000000       0x40 drivers/Src/stm32f446xx_gpio_driver.o
 .debug_macro   0x0000000000000000      0xa66 drivers/Src/stm32f446xx_gpio_driver.o
 .debug_macro   0x0000000000000000       0x22 drivers/Src/stm32f446xx_gpio_driver.o
 .debug_macro   0x0000000000000000       0x8e drivers/Src/stm32f446xx_gpio_driver.o
 .debug_macro   0x0000000000000000       0x51 drivers/Src/stm32f446xx_gpio_driver.o
 .debug_macro   0x0000000000000000       0xef drivers/Src/stm32f446xx_gpio_driver.o
 .debug_macro   0x0000000000000000       0x6a drivers/Src/stm32f446xx_gpio_driver.o
 .debug_macro   0x0000000000000000      0x1df drivers/Src/stm32f446xx_gpio_driver.o
 .debug_macro   0x0000000000000000      0x174 drivers/Src/stm32f446xx_gpio_driver.o
 .debug_macro   0x0000000000000000      0x825 drivers/Src/stm32f446xx_gpio_driver.o
 .debug_macro   0x0000000000000000       0xbe drivers/Src/stm32f446xx_gpio_driver.o
 .debug_macro   0x0000000000000000       0xe8 drivers/Src/stm32f446xx_gpio_driver.o
 .debug_macro   0x0000000000000000       0xe8 drivers/Src/stm32f446xx_gpio_driver.o
 .debug_macro   0x0000000000000000       0xc4 drivers/Src/stm32f446xx_gpio_driver.o
 .group         0x0000000000000000        0xc drivers/Src/stm32f446xx_i2c_driver.o
 .group         0x0000000000000000        0xc drivers/Src/stm32f446xx_i2c_driver.o
 .group         0x0000000000000000        0xc drivers/Src/stm32f446xx_i2c_driver.o
 .group         0x0000000000000000        0xc drivers/Src/stm32f446xx_i2c_driver.o
 .group         0x0000000000000000        0xc drivers/Src/stm32f446xx_i2c_driver.o
 .group         0x0000000000000000        0xc drivers/Src/stm32f446xx_i2c_driver.o
 .group         0x0000000000000000        0xc drivers/Src/stm32f446xx_i2c_driver.o
 .group         0x0000000000000000        0xc drivers/Src/stm32f446xx_i2c_driver.o
 .group         0x0000000000000000        0xc drivers/Src/stm32f446xx_i2c_driver.o
 .group         0x0000000000000000        0xc drivers/Src/stm32f446xx_i2c_driver.o
 .group         0x0000000000000000        0xc drivers/Src/stm32f446xx_i2c_driver.o
 .group         0x0000000000000000        0xc drivers/Src/stm32f446xx_i2c_driver.o
 .group         0x0000000000000000        0xc drivers/Src/stm32f446xx_i2c_driver.o
 .text          0x0000000000000000        0x0 drivers/Src/stm32f446xx_i2c_driver.o
 .data          0x0000000000000000        0x0 drivers/Src/stm32f446xx_i2c_driver.o
 .bss           0x0000000000000000        0x0 drivers/Src/stm32f446xx_i2c_driver.o
 .text.I2C_GenerateStartCondition
                0x0000000000000000       0x1e drivers/Src/stm32f446xx_i2c_driver.o
 .text.I2C_GenerateStopCondition
                0x0000000000000000       0x1e drivers/Src/stm32f446xx_i2c_driver.o
 .text.I2C_ExecuteAddressPhaseWrite
                0x0000000000000000       0x2a drivers/Src/stm32f446xx_i2c_driver.o
 .text.I2C_ExecuteAddressPhaseRead
                0x0000000000000000       0x2a drivers/Src/stm32f446xx_i2c_driver.o
 .text.I2C_ClearADDRFlag
                0x0000000000000000       0x1e drivers/Src/stm32f446xx_i2c_driver.o
 .text.I2C_ClearADDRFlagIT
                0x0000000000000000       0x6e drivers/Src/stm32f446xx_i2c_driver.o
 .text.I2C_PeriClockControl
                0x0000000000000000       0xb0 drivers/Src/stm32f446xx_i2c_driver.o
 .text.I2C_ManageAcking
                0x0000000000000000       0x36 drivers/Src/stm32f446xx_i2c_driver.o
 .text.I2C_Init
                0x0000000000000000      0x190 drivers/Src/stm32f446xx_i2c_driver.o
 .text.I2C_DeInit
                0x0000000000000000       0x88 drivers/Src/stm32f446xx_i2c_driver.o
 .text.I2C_PeripheralControl
                0x0000000000000000       0x36 drivers/Src/stm32f446xx_i2c_driver.o
 .text.I2C_MasterSendData
                0x0000000000000000       0xc4 drivers/Src/stm32f446xx_i2c_driver.o
 .text.I2C_MasterReceiveData
                0x0000000000000000      0x11c drivers/Src/stm32f446xx_i2c_driver.o
 .text.I2C_GetFlagStatus
                0x0000000000000000       0x26 drivers/Src/stm32f446xx_i2c_driver.o
 .text.I2C_IRQInterruptConfig
                0x0000000000000000      0x108 drivers/Src/stm32f446xx_i2c_driver.o
 .text.I2C_IRQPriorityConfig
                0x0000000000000000       0x44 drivers/Src/stm32f446xx_i2c_driver.o
 .text.I2C_MasterSendDataIT
                0x0000000000000000       0x84 drivers/Src/stm32f446xx_i2c_driver.o
 .text.I2C_MasterReceiveDataIT
                0x0000000000000000       0x84 drivers/Src/stm32f446xx_i2c_driver.o
 .text.I2C_MasterHandleTXEInterrupt
                0x0000000000000000       0x3a drivers/Src/stm32f446xx_i2c_driver.o
 .text.I2C_MasterHandleRXNEInterrupt
                0x0000000000000000       0x9c drivers/Src/stm32f446xx_i2c_driver.o
 .text.I2C_EV_IRQHandling
                0x0000000000000000      0x1bc drivers/Src/stm32f446xx_i2c_driver.o
 .text.I2C_CloseReceiveData
                0x0000000000000000       0x56 drivers/Src/stm32f446xx_i2c_driver.o
 .text.I2C_CloseSendData
                0x0000000000000000       0x44 drivers/Src/stm32f446xx_i2c_driver.o
 .text.I2C_ERR_IRQHandling
                0x0000000000000000      0x10c drivers/Src/stm32f446xx_i2c_driver.o
 .text.I2C_SlaveSendData
                0x0000000000000000       0x1c drivers/Src/stm32f446xx_i2c_driver.o
 .text.I2C_SlaveReceiveData
                0x0000000000000000       0x18 drivers/Src/stm32f446xx_i2c_driver.o
 .text.I2C_SlaveEnableDisableCallbackEvents
                0x0000000000000000       0x66 drivers/Src/stm32f446xx_i2c_driver.o
 .debug_info    0x0000000000000000      0xa2b drivers/Src/stm32f446xx_i2c_driver.o
 .debug_abbrev  0x0000000000000000      0x1e8 drivers/Src/stm32f446xx_i2c_driver.o
 .debug_aranges
                0x0000000000000000       0xf0 drivers/Src/stm32f446xx_i2c_driver.o
 .debug_ranges  0x0000000000000000       0xe0 drivers/Src/stm32f446xx_i2c_driver.o
 .debug_macro   0x0000000000000000       0xe4 drivers/Src/stm32f446xx_i2c_driver.o
 .debug_macro   0x0000000000000000      0xa66 drivers/Src/stm32f446xx_i2c_driver.o
 .debug_macro   0x0000000000000000       0x22 drivers/Src/stm32f446xx_i2c_driver.o
 .debug_macro   0x0000000000000000       0x8e drivers/Src/stm32f446xx_i2c_driver.o
 .debug_macro   0x0000000000000000       0x51 drivers/Src/stm32f446xx_i2c_driver.o
 .debug_macro   0x0000000000000000       0xef drivers/Src/stm32f446xx_i2c_driver.o
 .debug_macro   0x0000000000000000       0x6a drivers/Src/stm32f446xx_i2c_driver.o
 .debug_macro   0x0000000000000000      0x1df drivers/Src/stm32f446xx_i2c_driver.o
 .debug_macro   0x0000000000000000      0x174 drivers/Src/stm32f446xx_i2c_driver.o
 .debug_macro   0x0000000000000000      0x825 drivers/Src/stm32f446xx_i2c_driver.o
 .debug_macro   0x0000000000000000       0xc4 drivers/Src/stm32f446xx_i2c_driver.o
 .debug_macro   0x0000000000000000       0xbe drivers/Src/stm32f446xx_i2c_driver.o
 .debug_macro   0x0000000000000000       0xe8 drivers/Src/stm32f446xx_i2c_driver.o
 .debug_macro   0x0000000000000000       0xe8 drivers/Src/stm32f446xx_i2c_driver.o
 .debug_line    0x0000000000000000      0x9ec drivers/Src/stm32f446xx_i2c_driver.o
 .debug_str     0x0000000000000000     0x755a drivers/Src/stm32f446xx_i2c_driver.o
 .comment       0x0000000000000000       0x7c drivers/Src/stm32f446xx_i2c_driver.o
 .debug_frame   0x0000000000000000      0x420 drivers/Src/stm32f446xx_i2c_driver.o
 .ARM.attributes
                0x0000000000000000       0x33 drivers/Src/stm32f446xx_i2c_driver.o
 .group         0x0000000000000000        0xc drivers/Src/stm32f446xx_rcc_driver.o
 .group         0x0000000000000000        0xc drivers/Src/stm32f446xx_rcc_driver.o
 .group         0x0000000000000000        0xc drivers/Src/stm32f446xx_rcc_driver.o
 .group         0x0000000000000000        0xc drivers/Src/stm32f446xx_rcc_driver.o
 .group         0x0000000000000000        0xc drivers/Src/stm32f446xx_rcc_driver.o
 .group         0x0000000000000000        0xc drivers/Src/stm32f446xx_rcc_driver.o
 .group         0x0000000000000000        0xc drivers/Src/stm32f446xx_rcc_driver.o
 .group         0x0000000000000000        0xc drivers/Src/stm32f446xx_rcc_driver.o
 .group         0x0000000000000000        0xc drivers/Src/stm32f446xx_rcc_driver.o
 .group         0x0000000000000000        0xc drivers/Src/stm32f446xx_rcc_driver.o
 .group         0x0000000000000000        0xc drivers/Src/stm32f446xx_rcc_driver.o
 .group         0x0000000000000000        0xc drivers/Src/stm32f446xx_rcc_driver.o
 .group         0x0000000000000000        0xc drivers/Src/stm32f446xx_rcc_driver.o
 .text          0x0000000000000000        0x0 drivers/Src/stm32f446xx_rcc_driver.o
 .data          0x0000000000000000        0x0 drivers/Src/stm32f446xx_rcc_driver.o
 .bss           0x0000000000000000        0x0 drivers/Src/stm32f446xx_rcc_driver.o
 .debug_macro   0x0000000000000000      0xa66 drivers/Src/stm32f446xx_rcc_driver.o
 .debug_macro   0x0000000000000000       0x22 drivers/Src/stm32f446xx_rcc_driver.o
 .debug_macro   0x0000000000000000       0x8e drivers/Src/stm32f446xx_rcc_driver.o
 .debug_macro   0x0000000000000000       0x51 drivers/Src/stm32f446xx_rcc_driver.o
 .debug_macro   0x0000000000000000       0xef drivers/Src/stm32f446xx_rcc_driver.o
 .debug_macro   0x0000000000000000       0x6a drivers/Src/stm32f446xx_rcc_driver.o
 .debug_macro   0x0000000000000000      0x1df drivers/Src/stm32f446xx_rcc_driver.o
 .debug_macro   0x0000000000000000      0x174 drivers/Src/stm32f446xx_rcc_driver.o
 .debug_macro   0x0000000000000000      0x825 drivers/Src/stm32f446xx_rcc_driver.o
 .debug_macro   0x0000000000000000       0xc4 drivers/Src/stm32f446xx_rcc_driver.o
 .debug_macro   0x0000000000000000       0xbe drivers/Src/stm32f446xx_rcc_driver.o
 .debug_macro   0x0000000000000000       0xe8 drivers/Src/stm32f446xx_rcc_driver.o
 .debug_macro   0x0000000000000000       0xe8 drivers/Src/stm32f446xx_rcc_driver.o
 .group         0x0000000000000000        0xc drivers/Src/stm32f446xx_spi_driver.o
 .group         0x0000000000000000        0xc drivers/Src/stm32f446xx_spi_driver.o
 .group         0x0000000000000000        0xc drivers/Src/stm32f446xx_spi_driver.o
 .group         0x0000000000000000        0xc drivers/Src/stm32f446xx_spi_driver.o
 .group         0x0000000000000000        0xc drivers/Src/stm32f446xx_spi_driver.o
 .group         0x0000000000000000        0xc drivers/Src/stm32f446xx_spi_driver.o
 .group         0x0000000000000000        0xc drivers/Src/stm32f446xx_spi_driver.o
 .group         0x0000000000000000        0xc drivers/Src/stm32f446xx_spi_driver.o
 .group         0x0000000000000000        0xc drivers/Src/stm32f446xx_spi_driver.o
 .group         0x0000000000000000        0xc drivers/Src/stm32f446xx_spi_driver.o
 .group         0x0000000000000000        0xc drivers/Src/stm32f446xx_spi_driver.o
 .group         0x0000000000000000        0xc drivers/Src/stm32f446xx_spi_driver.o
 .group         0x0000000000000000        0xc drivers/Src/stm32f446xx_spi_driver.o
 .group         0x0000000000000000        0xc drivers/Src/stm32f446xx_spi_driver.o
 .group         0x0000000000000000        0xc drivers/Src/stm32f446xx_spi_driver.o
 .group         0x0000000000000000        0xc drivers/Src/stm32f446xx_spi_driver.o
 .group         0x0000000000000000        0xc drivers/Src/stm32f446xx_spi_driver.o
 .group         0x0000000000000000        0xc drivers/Src/stm32f446xx_spi_driver.o
 .group         0x0000000000000000        0xc drivers/Src/stm32f446xx_spi_driver.o
 .group         0x0000000000000000        0xc drivers/Src/stm32f446xx_spi_driver.o
 .group         0x0000000000000000        0xc drivers/Src/stm32f446xx_spi_driver.o
 .group         0x0000000000000000        0xc drivers/Src/stm32f446xx_spi_driver.o
 .group         0x0000000000000000        0xc drivers/Src/stm32f446xx_spi_driver.o
 .group         0x0000000000000000        0xc drivers/Src/stm32f446xx_spi_driver.o
 .group         0x0000000000000000        0xc drivers/Src/stm32f446xx_spi_driver.o
 .group         0x0000000000000000        0xc drivers/Src/stm32f446xx_spi_driver.o
 .group         0x0000000000000000        0xc drivers/Src/stm32f446xx_spi_driver.o
 .group         0x0000000000000000        0xc drivers/Src/stm32f446xx_spi_driver.o
 .group         0x0000000000000000        0xc drivers/Src/stm32f446xx_spi_driver.o
 .group         0x0000000000000000        0xc drivers/Src/stm32f446xx_spi_driver.o
 .group         0x0000000000000000        0xc drivers/Src/stm32f446xx_spi_driver.o
 .group         0x0000000000000000        0xc drivers/Src/stm32f446xx_spi_driver.o
 .group         0x0000000000000000        0xc drivers/Src/stm32f446xx_spi_driver.o
 .group         0x0000000000000000        0xc drivers/Src/stm32f446xx_spi_driver.o
 .group         0x0000000000000000        0xc drivers/Src/stm32f446xx_spi_driver.o
 .group         0x0000000000000000        0xc drivers/Src/stm32f446xx_spi_driver.o
 .group         0x0000000000000000        0xc drivers/Src/stm32f446xx_spi_driver.o
 .text          0x0000000000000000        0x0 drivers/Src/stm32f446xx_spi_driver.o
 .data          0x0000000000000000        0x0 drivers/Src/stm32f446xx_spi_driver.o
 .bss           0x0000000000000000        0x0 drivers/Src/stm32f446xx_spi_driver.o
 .text.SPI_PeriClockControl
                0x0000000000000000       0xb0 drivers/Src/stm32f446xx_spi_driver.o
 .text.SPI_Init
                0x0000000000000000       0xb6 drivers/Src/stm32f446xx_spi_driver.o
 .text.SPI_DeInit
                0x0000000000000000       0x88 drivers/Src/stm32f446xx_spi_driver.o
 .text.SPI_GetFlagStatus
                0x0000000000000000       0x26 drivers/Src/stm32f446xx_spi_driver.o
 .text.SPI_SendData
                0x0000000000000000       0x6c drivers/Src/stm32f446xx_spi_driver.o
 .text.SPI_ReceiveData
                0x0000000000000000       0x6c drivers/Src/stm32f446xx_spi_driver.o
 .text.SPI_PeripheralControl
                0x0000000000000000       0x36 drivers/Src/stm32f446xx_spi_driver.o
 .text.SPI_SSIConfig
                0x0000000000000000       0x36 drivers/Src/stm32f446xx_spi_driver.o
 .text.SPI_SSOEConfig
                0x0000000000000000       0x36 drivers/Src/stm32f446xx_spi_driver.o
 .text.SPI_IRQInterruptConfig
                0x0000000000000000      0x108 drivers/Src/stm32f446xx_spi_driver.o
 .text.SPI_IRQPriorityConfig
                0x0000000000000000       0x44 drivers/Src/stm32f446xx_spi_driver.o
 .text.SPI_SendDataIT
                0x0000000000000000       0x46 drivers/Src/stm32f446xx_spi_driver.o
 .text.SPI_ReceiveDataIT
                0x0000000000000000       0x46 drivers/Src/stm32f446xx_spi_driver.o
 .text.SPI_IRQHandling
                0x0000000000000000       0x9a drivers/Src/stm32f446xx_spi_driver.o
 .text.spi_txe_interrupt_handle
                0x0000000000000000       0x80 drivers/Src/stm32f446xx_spi_driver.o
 .text.spi_rxne_interrupt_handle
                0x0000000000000000       0x84 drivers/Src/stm32f446xx_spi_driver.o
 .text.spi_ovr_err_interrupt_handle
                0x0000000000000000       0x30 drivers/Src/stm32f446xx_spi_driver.o
 .text.SPI_CloseTransmisson
                0x0000000000000000       0x34 drivers/Src/stm32f446xx_spi_driver.o
 .text.SPI_CloseReception
                0x0000000000000000       0x34 drivers/Src/stm32f446xx_spi_driver.o
 .text.SPI_ClearOVRFlag
                0x0000000000000000       0x1e drivers/Src/stm32f446xx_spi_driver.o
 .text.SPI_ApplicationEventCallback
                0x0000000000000000       0x16 drivers/Src/stm32f446xx_spi_driver.o
 .debug_info    0x0000000000000000     0x10b6 drivers/Src/stm32f446xx_spi_driver.o
 .debug_abbrev  0x0000000000000000      0x27c drivers/Src/stm32f446xx_spi_driver.o
 .debug_aranges
                0x0000000000000000       0xc0 drivers/Src/stm32f446xx_spi_driver.o
 .debug_ranges  0x0000000000000000       0xb0 drivers/Src/stm32f446xx_spi_driver.o
 .debug_macro   0x0000000000000000      0x23a drivers/Src/stm32f446xx_spi_driver.o
 .debug_macro   0x0000000000000000      0xa66 drivers/Src/stm32f446xx_spi_driver.o
 .debug_macro   0x0000000000000000       0x22 drivers/Src/stm32f446xx_spi_driver.o
 .debug_macro   0x0000000000000000       0x8e drivers/Src/stm32f446xx_spi_driver.o
 .debug_macro   0x0000000000000000       0x51 drivers/Src/stm32f446xx_spi_driver.o
 .debug_macro   0x0000000000000000       0xef drivers/Src/stm32f446xx_spi_driver.o
 .debug_macro   0x0000000000000000       0x6a drivers/Src/stm32f446xx_spi_driver.o
 .debug_macro   0x0000000000000000      0x1df drivers/Src/stm32f446xx_spi_driver.o
 .debug_macro   0x0000000000000000      0x174 drivers/Src/stm32f446xx_spi_driver.o
 .debug_macro   0x0000000000000000      0x825 drivers/Src/stm32f446xx_spi_driver.o
 .debug_macro   0x0000000000000000       0xc4 drivers/Src/stm32f446xx_spi_driver.o
 .debug_macro   0x0000000000000000       0xe8 drivers/Src/stm32f446xx_spi_driver.o
 .debug_macro   0x0000000000000000       0xe8 drivers/Src/stm32f446xx_spi_driver.o
 .debug_macro   0x0000000000000000       0xbe drivers/Src/stm32f446xx_spi_driver.o
 .debug_macro   0x0000000000000000       0x46 drivers/Src/stm32f446xx_spi_driver.o
 .debug_macro   0x0000000000000000       0x18 drivers/Src/stm32f446xx_spi_driver.o
 .debug_macro   0x0000000000000000       0x3c drivers/Src/stm32f446xx_spi_driver.o
 .debug_macro   0x0000000000000000       0x34 drivers/Src/stm32f446xx_spi_driver.o
 .debug_macro   0x0000000000000000       0x16 drivers/Src/stm32f446xx_spi_driver.o
 .debug_macro   0x0000000000000000       0x35 drivers/Src/stm32f446xx_spi_driver.o
 .debug_macro   0x0000000000000000      0x330 drivers/Src/stm32f446xx_spi_driver.o
 .debug_macro   0x0000000000000000       0x10 drivers/Src/stm32f446xx_spi_driver.o
 .debug_macro   0x0000000000000000       0x52 drivers/Src/stm32f446xx_spi_driver.o
 .debug_macro   0x0000000000000000       0x1f drivers/Src/stm32f446xx_spi_driver.o
 .debug_macro   0x0000000000000000       0x43 drivers/Src/stm32f446xx_spi_driver.o
 .debug_macro   0x0000000000000000       0x20 drivers/Src/stm32f446xx_spi_driver.o
 .debug_macro   0x0000000000000000      0x1a3 drivers/Src/stm32f446xx_spi_driver.o
 .debug_macro   0x0000000000000000       0x10 drivers/Src/stm32f446xx_spi_driver.o
 .debug_macro   0x0000000000000000       0x1c drivers/Src/stm32f446xx_spi_driver.o
 .debug_macro   0x0000000000000000       0x52 drivers/Src/stm32f446xx_spi_driver.o
 .debug_macro   0x0000000000000000       0x40 drivers/Src/stm32f446xx_spi_driver.o
 .debug_macro   0x0000000000000000       0x10 drivers/Src/stm32f446xx_spi_driver.o
 .debug_macro   0x0000000000000000       0x40 drivers/Src/stm32f446xx_spi_driver.o
 .debug_macro   0x0000000000000000       0xd7 drivers/Src/stm32f446xx_spi_driver.o
 .debug_macro   0x0000000000000000       0x1c drivers/Src/stm32f446xx_spi_driver.o
 .debug_macro   0x0000000000000000       0x3d drivers/Src/stm32f446xx_spi_driver.o
 .debug_macro   0x0000000000000000       0x16 drivers/Src/stm32f446xx_spi_driver.o
 .debug_macro   0x0000000000000000      0x145 drivers/Src/stm32f446xx_spi_driver.o
 .debug_line    0x0000000000000000      0xb4b drivers/Src/stm32f446xx_spi_driver.o
 .debug_str     0x0000000000000000     0xb59d drivers/Src/stm32f446xx_spi_driver.o
 .comment       0x0000000000000000       0x7c drivers/Src/stm32f446xx_spi_driver.o
 .debug_frame   0x0000000000000000      0x33c drivers/Src/stm32f446xx_spi_driver.o
 .ARM.attributes
                0x0000000000000000       0x33 drivers/Src/stm32f446xx_spi_driver.o
 .group         0x0000000000000000        0xc drivers/Src/stm32f446xx_usart_driver.o
 .group         0x0000000000000000        0xc drivers/Src/stm32f446xx_usart_driver.o
 .group         0x0000000000000000        0xc drivers/Src/stm32f446xx_usart_driver.o
 .group         0x0000000000000000        0xc drivers/Src/stm32f446xx_usart_driver.o
 .group         0x0000000000000000        0xc drivers/Src/stm32f446xx_usart_driver.o
 .group         0x0000000000000000        0xc drivers/Src/stm32f446xx_usart_driver.o
 .group         0x0000000000000000        0xc drivers/Src/stm32f446xx_usart_driver.o
 .group         0x0000000000000000        0xc drivers/Src/stm32f446xx_usart_driver.o
 .group         0x0000000000000000        0xc drivers/Src/stm32f446xx_usart_driver.o
 .group         0x0000000000000000        0xc drivers/Src/stm32f446xx_usart_driver.o
 .group         0x0000000000000000        0xc drivers/Src/stm32f446xx_usart_driver.o
 .group         0x0000000000000000        0xc drivers/Src/stm32f446xx_usart_driver.o
 .group         0x0000000000000000        0xc drivers/Src/stm32f446xx_usart_driver.o
 .text          0x0000000000000000        0x0 drivers/Src/stm32f446xx_usart_driver.o
 .data          0x0000000000000000        0x0 drivers/Src/stm32f446xx_usart_driver.o
 .bss           0x0000000000000000        0x0 drivers/Src/stm32f446xx_usart_driver.o
 .text.USART_DeInit
                0x0000000000000000       0xf8 drivers/Src/stm32f446xx_usart_driver.o
 .text.USART_ReceiveData
                0x0000000000000000       0xae drivers/Src/stm32f446xx_usart_driver.o
 .text.USART_IRQInterruptConfig
                0x0000000000000000      0x108 drivers/Src/stm32f446xx_usart_driver.o
 .text.USART_IRQPriorityConfig
                0x0000000000000000       0x44 drivers/Src/stm32f446xx_usart_driver.o
 .text.USART_ClearFlag
                0x0000000000000000       0x24 drivers/Src/stm32f446xx_usart_driver.o
 .text.USART_ApplicationEventCallback
                0x0000000000000000       0x16 drivers/Src/stm32f446xx_usart_driver.o
 .debug_macro   0x0000000000000000      0xa66 drivers/Src/stm32f446xx_usart_driver.o
 .debug_macro   0x0000000000000000       0x22 drivers/Src/stm32f446xx_usart_driver.o
 .debug_macro   0x0000000000000000       0x8e drivers/Src/stm32f446xx_usart_driver.o
 .debug_macro   0x0000000000000000       0x51 drivers/Src/stm32f446xx_usart_driver.o
 .debug_macro   0x0000000000000000       0xef drivers/Src/stm32f446xx_usart_driver.o
 .debug_macro   0x0000000000000000       0x6a drivers/Src/stm32f446xx_usart_driver.o
 .debug_macro   0x0000000000000000      0x1df drivers/Src/stm32f446xx_usart_driver.o
 .debug_macro   0x0000000000000000      0x174 drivers/Src/stm32f446xx_usart_driver.o
 .debug_macro   0x0000000000000000      0x825 drivers/Src/stm32f446xx_usart_driver.o
 .debug_macro   0x0000000000000000       0xc4 drivers/Src/stm32f446xx_usart_driver.o
 .debug_macro   0x0000000000000000       0xbe drivers/Src/stm32f446xx_usart_driver.o
 .debug_macro   0x0000000000000000       0xe8 drivers/Src/stm32f446xx_usart_driver.o
 .debug_macro   0x0000000000000000       0xe8 drivers/Src/stm32f446xx_usart_driver.o
 .text          0x0000000000000000        0x0 h:/softwares-installed/stm_ide/stm32cubeide_1.3.0/stm32cubeide/plugins/com.st.stm32cube.ide.mcu.externaltools.gnu-tools-for-stm32.7-2018-q2-update.win32_1.0.0.201904181610/tools/bin/../lib/gcc/arm-none-eabi/7.3.1/../../../../arm-none-eabi/lib/thumb/v7e-m\libc_nano.a(lib_a-errno.o)
 .data          0x0000000000000000        0x0 h:/softwares-installed/stm_ide/stm32cubeide_1.3.0/stm32cubeide/plugins/com.st.stm32cube.ide.mcu.externaltools.gnu-tools-for-stm32.7-2018-q2-update.win32_1.0.0.201904181610/tools/bin/../lib/gcc/arm-none-eabi/7.3.1/../../../../arm-none-eabi/lib/thumb/v7e-m\libc_nano.a(lib_a-errno.o)
 .bss           0x0000000000000000        0x0 h:/softwares-installed/stm_ide/stm32cubeide_1.3.0/stm32cubeide/plugins/com.st.stm32cube.ide.mcu.externaltools.gnu-tools-for-stm32.7-2018-q2-update.win32_1.0.0.201904181610/tools/bin/../lib/gcc/arm-none-eabi/7.3.1/../../../../arm-none-eabi/lib/thumb/v7e-m\libc_nano.a(lib_a-errno.o)
 .text.__errno  0x0000000000000000        0xc h:/softwares-installed/stm_ide/stm32cubeide_1.3.0/stm32cubeide/plugins/com.st.stm32cube.ide.mcu.externaltools.gnu-tools-for-stm32.7-2018-q2-update.win32_1.0.0.201904181610/tools/bin/../lib/gcc/arm-none-eabi/7.3.1/../../../../arm-none-eabi/lib/thumb/v7e-m\libc_nano.a(lib_a-errno.o)
 .debug_frame   0x0000000000000000       0x20 h:/softwares-installed/stm_ide/stm32cubeide_1.3.0/stm32cubeide/plugins/com.st.stm32cube.ide.mcu.externaltools.gnu-tools-for-stm32.7-2018-q2-update.win32_1.0.0.201904181610/tools/bin/../lib/gcc/arm-none-eabi/7.3.1/../../../../arm-none-eabi/lib/thumb/v7e-m\libc_nano.a(lib_a-errno.o)
 .ARM.attributes
                0x0000000000000000       0x2e h:/softwares-installed/stm_ide/stm32cubeide_1.3.0/stm32cubeide/plugins/com.st.stm32cube.ide.mcu.externaltools.gnu-tools-for-stm32.7-2018-q2-update.win32_1.0.0.201904181610/tools/bin/../lib/gcc/arm-none-eabi/7.3.1/../../../../arm-none-eabi/lib/thumb/v7e-m\libc_nano.a(lib_a-errno.o)
 .text          0x0000000000000000        0x0 h:/softwares-installed/stm_ide/stm32cubeide_1.3.0/stm32cubeide/plugins/com.st.stm32cube.ide.mcu.externaltools.gnu-tools-for-stm32.7-2018-q2-update.win32_1.0.0.201904181610/tools/bin/../lib/gcc/arm-none-eabi/7.3.1/../../../../arm-none-eabi/lib/thumb/v7e-m\libc_nano.a(lib_a-exit.o)
 .data          0x0000000000000000        0x0 h:/softwares-installed/stm_ide/stm32cubeide_1.3.0/stm32cubeide/plugins/com.st.stm32cube.ide.mcu.externaltools.gnu-tools-for-stm32.7-2018-q2-update.win32_1.0.0.201904181610/tools/bin/../lib/gcc/arm-none-eabi/7.3.1/../../../../arm-none-eabi/lib/thumb/v7e-m\libc_nano.a(lib_a-exit.o)
 .bss           0x0000000000000000        0x0 h:/softwares-installed/stm_ide/stm32cubeide_1.3.0/stm32cubeide/plugins/com.st.stm32cube.ide.mcu.externaltools.gnu-tools-for-stm32.7-2018-q2-update.win32_1.0.0.201904181610/tools/bin/../lib/gcc/arm-none-eabi/7.3.1/../../../../arm-none-eabi/lib/thumb/v7e-m\libc_nano.a(lib_a-exit.o)
 .text.exit     0x0000000000000000       0x28 h:/softwares-installed/stm_ide/stm32cubeide_1.3.0/stm32cubeide/plugins/com.st.stm32cube.ide.mcu.externaltools.gnu-tools-for-stm32.7-2018-q2-update.win32_1.0.0.201904181610/tools/bin/../lib/gcc/arm-none-eabi/7.3.1/../../../../arm-none-eabi/lib/thumb/v7e-m\libc_nano.a(lib_a-exit.o)
 .debug_frame   0x0000000000000000       0x28 h:/softwares-installed/stm_ide/stm32cubeide_1.3.0/stm32cubeide/plugins/com.st.stm32cube.ide.mcu.externaltools.gnu-tools-for-stm32.7-2018-q2-update.win32_1.0.0.201904181610/tools/bin/../lib/gcc/arm-none-eabi/7.3.1/../../../../arm-none-eabi/lib/thumb/v7e-m\libc_nano.a(lib_a-exit.o)
 .ARM.attributes
                0x0000000000000000       0x2e h:/softwares-installed/stm_ide/stm32cubeide_1.3.0/stm32cubeide/plugins/com.st.stm32cube.ide.mcu.externaltools.gnu-tools-for-stm32.7-2018-q2-update.win32_1.0.0.201904181610/tools/bin/../lib/gcc/arm-none-eabi/7.3.1/../../../../arm-none-eabi/lib/thumb/v7e-m\libc_nano.a(lib_a-exit.o)
 .text          0x0000000000000000        0x0 h:/softwares-installed/stm_ide/stm32cubeide_1.3.0/stm32cubeide/plugins/com.st.stm32cube.ide.mcu.externaltools.gnu-tools-for-stm32.7-2018-q2-update.win32_1.0.0.201904181610/tools/bin/../lib/gcc/arm-none-eabi/7.3.1/../../../../arm-none-eabi/lib/thumb/v7e-m\libc_nano.a(lib_a-impure.o)
 .data          0x0000000000000000        0x0 h:/softwares-installed/stm_ide/stm32cubeide_1.3.0/stm32cubeide/plugins/com.st.stm32cube.ide.mcu.externaltools.gnu-tools-for-stm32.7-2018-q2-update.win32_1.0.0.201904181610/tools/bin/../lib/gcc/arm-none-eabi/7.3.1/../../../../arm-none-eabi/lib/thumb/v7e-m\libc_nano.a(lib_a-impure.o)
 .bss           0x0000000000000000        0x0 h:/softwares-installed/stm_ide/stm32cubeide_1.3.0/stm32cubeide/plugins/com.st.stm32cube.ide.mcu.externaltools.gnu-tools-for-stm32.7-2018-q2-update.win32_1.0.0.201904181610/tools/bin/../lib/gcc/arm-none-eabi/7.3.1/../../../../arm-none-eabi/lib/thumb/v7e-m\libc_nano.a(lib_a-impure.o)
 .data._impure_ptr
                0x0000000000000000        0x4 h:/softwares-installed/stm_ide/stm32cubeide_1.3.0/stm32cubeide/plugins/com.st.stm32cube.ide.mcu.externaltools.gnu-tools-for-stm32.7-2018-q2-update.win32_1.0.0.201904181610/tools/bin/../lib/gcc/arm-none-eabi/7.3.1/../../../../arm-none-eabi/lib/thumb/v7e-m\libc_nano.a(lib_a-impure.o)
 .data.impure_data
                0x0000000000000000       0x60 h:/softwares-installed/stm_ide/stm32cubeide_1.3.0/stm32cubeide/plugins/com.st.stm32cube.ide.mcu.externaltools.gnu-tools-for-stm32.7-2018-q2-update.win32_1.0.0.201904181610/tools/bin/../lib/gcc/arm-none-eabi/7.3.1/../../../../arm-none-eabi/lib/thumb/v7e-m\libc_nano.a(lib_a-impure.o)
 .rodata._global_impure_ptr
                0x0000000000000000        0x4 h:/softwares-installed/stm_ide/stm32cubeide_1.3.0/stm32cubeide/plugins/com.st.stm32cube.ide.mcu.externaltools.gnu-tools-for-stm32.7-2018-q2-update.win32_1.0.0.201904181610/tools/bin/../lib/gcc/arm-none-eabi/7.3.1/../../../../arm-none-eabi/lib/thumb/v7e-m\libc_nano.a(lib_a-impure.o)
 .ARM.attributes
                0x0000000000000000       0x2e h:/softwares-installed/stm_ide/stm32cubeide_1.3.0/stm32cubeide/plugins/com.st.stm32cube.ide.mcu.externaltools.gnu-tools-for-stm32.7-2018-q2-update.win32_1.0.0.201904181610/tools/bin/../lib/gcc/arm-none-eabi/7.3.1/../../../../arm-none-eabi/lib/thumb/v7e-m\libc_nano.a(lib_a-impure.o)
 .text          0x0000000000000000        0x0 h:/softwares-installed/stm_ide/stm32cubeide_1.3.0/stm32cubeide/plugins/com.st.stm32cube.ide.mcu.externaltools.gnu-tools-for-stm32.7-2018-q2-update.win32_1.0.0.201904181610/tools/bin/../lib/gcc/arm-none-eabi/7.3.1/../../../../arm-none-eabi/lib/thumb/v7e-m\libc_nano.a(lib_a-init.o)
 .data          0x0000000000000000        0x0 h:/softwares-installed/stm_ide/stm32cubeide_1.3.0/stm32cubeide/plugins/com.st.stm32cube.ide.mcu.externaltools.gnu-tools-for-stm32.7-2018-q2-update.win32_1.0.0.201904181610/tools/bin/../lib/gcc/arm-none-eabi/7.3.1/../../../../arm-none-eabi/lib/thumb/v7e-m\libc_nano.a(lib_a-init.o)
 .bss           0x0000000000000000        0x0 h:/softwares-installed/stm_ide/stm32cubeide_1.3.0/stm32cubeide/plugins/com.st.stm32cube.ide.mcu.externaltools.gnu-tools-for-stm32.7-2018-q2-update.win32_1.0.0.201904181610/tools/bin/../lib/gcc/arm-none-eabi/7.3.1/../../../../arm-none-eabi/lib/thumb/v7e-m\libc_nano.a(lib_a-init.o)
 .text          0x0000000000000000        0x0 h:/softwares-installed/stm_ide/stm32cubeide_1.3.0/stm32cubeide/plugins/com.st.stm32cube.ide.mcu.externaltools.gnu-tools-for-stm32.7-2018-q2-update.win32_1.0.0.201904181610/tools/bin/../lib/gcc/arm-none-eabi/7.3.1/../../../../arm-none-eabi/lib/thumb/v7e-m\libc_nano.a(lib_a-memset.o)
 .data          0x0000000000000000        0x0 h:/softwares-installed/stm_ide/stm32cubeide_1.3.0/stm32cubeide/plugins/com.st.stm32cube.ide.mcu.externaltools.gnu-tools-for-stm32.7-2018-q2-update.win32_1.0.0.201904181610/tools/bin/../lib/gcc/arm-none-eabi/7.3.1/../../../../arm-none-eabi/lib/thumb/v7e-m\libc_nano.a(lib_a-memset.o)
 .bss           0x0000000000000000        0x0 h:/softwares-installed/stm_ide/stm32cubeide_1.3.0/stm32cubeide/plugins/com.st.stm32cube.ide.mcu.externaltools.gnu-tools-for-stm32.7-2018-q2-update.win32_1.0.0.201904181610/tools/bin/../lib/gcc/arm-none-eabi/7.3.1/../../../../arm-none-eabi/lib/thumb/v7e-m\libc_nano.a(lib_a-memset.o)
 .text          0x0000000000000000        0x0 h:/softwares-installed/stm_ide/stm32cubeide_1.3.0/stm32cubeide/plugins/com.st.stm32cube.ide.mcu.externaltools.gnu-tools-for-stm32.7-2018-q2-update.win32_1.0.0.201904181610/tools/bin/../lib/gcc/arm-none-eabi/7.3.1/thumb/v7e-m/crtend.o
 .data          0x0000000000000000        0x0 h:/softwares-installed/stm_ide/stm32cubeide_1.3.0/stm32cubeide/plugins/com.st.stm32cube.ide.mcu.externaltools.gnu-tools-for-stm32.7-2018-q2-update.win32_1.0.0.201904181610/tools/bin/../lib/gcc/arm-none-eabi/7.3.1/thumb/v7e-m/crtend.o
 .bss           0x0000000000000000        0x0 h:/softwares-installed/stm_ide/stm32cubeide_1.3.0/stm32cubeide/plugins/com.st.stm32cube.ide.mcu.externaltools.gnu-tools-for-stm32.7-2018-q2-update.win32_1.0.0.201904181610/tools/bin/../lib/gcc/arm-none-eabi/7.3.1/thumb/v7e-m/crtend.o
 .eh_frame      0x0000000000000000        0x4 h:/softwares-installed/stm_ide/stm32cubeide_1.3.0/stm32cubeide/plugins/com.st.stm32cube.ide.mcu.externaltools.gnu-tools-for-stm32.7-2018-q2-update.win32_1.0.0.201904181610/tools/bin/../lib/gcc/arm-none-eabi/7.3.1/thumb/v7e-m/crtend.o
 .ARM.attributes
                0x0000000000000000       0x2e h:/softwares-installed/stm_ide/stm32cubeide_1.3.0/stm32cubeide/plugins/com.st.stm32cube.ide.mcu.externaltools.gnu-tools-for-stm32.7-2018-q2-update.win32_1.0.0.201904181610/tools/bin/../lib/gcc/arm-none-eabi/7.3.1/thumb/v7e-m/crtend.o
 .text          0x0000000000000000        0x0 h:/softwares-installed/stm_ide/stm32cubeide_1.3.0/stm32cubeide/plugins/com.st.stm32cube.ide.mcu.externaltools.gnu-tools-for-stm32.7-2018-q2-update.win32_1.0.0.201904181610/tools/bin/../lib/gcc/arm-none-eabi/7.3.1/thumb/v7e-m/crtn.o
 .data          0x0000000000000000        0x0 h:/softwares-installed/stm_ide/stm32cubeide_1.3.0/stm32cubeide/plugins/com.st.stm32cube.ide.mcu.externaltools.gnu-tools-for-stm32.7-2018-q2-update.win32_1.0.0.201904181610/tools/bin/../lib/gcc/arm-none-eabi/7.3.1/thumb/v7e-m/crtn.o
 .bss           0x0000000000000000        0x0 h:/softwares-installed/stm_ide/stm32cubeide_1.3.0/stm32cubeide/plugins/com.st.stm32cube.ide.mcu.externaltools.gnu-tools-for-stm32.7-2018-q2-update.win32_1.0.0.201904181610/tools/bin/../lib/gcc/arm-none-eabi/7.3.1/thumb/v7e-m/crtn.o

Memory Configuration

Name             Origin             Length             Attributes
RAM              0x0000000020000000 0x0000000000020000 xrw
ROM              0x0000000008000000 0x0000000000080000 xr
*default*        0x0000000000000000 0xffffffffffffffff

Linker script and memory map

LOAD h:/softwares-installed/stm_ide/stm32cubeide_1.3.0/stm32cubeide/plugins/com.st.stm32cube.ide.mcu.externaltools.gnu-tools-for-stm32.7-2018-q2-update.win32_1.0.0.201904181610/tools/bin/../lib/gcc/arm-none-eabi/7.3.1/thumb/v7e-m/crti.o
LOAD h:/softwares-installed/stm_ide/stm32cubeide_1.3.0/stm32cubeide/plugins/com.st.stm32cube.ide.mcu.externaltools.gnu-tools-for-stm32.7-2018-q2-update.win32_1.0.0.201904181610/tools/bin/../lib/gcc/arm-none-eabi/7.3.1/thumb/v7e-m/crtbegin.o
LOAD h:/softwares-installed/stm_ide/stm32cubeide_1.3.0/stm32cubeide/plugins/com.st.stm32cube.ide.mcu.externaltools.gnu-tools-for-stm32.7-2018-q2-update.win32_1.0.0.201904181610/tools/bin/../lib/gcc/arm-none-eabi/7.3.1/../../../../arm-none-eabi/lib/thumb/v7e-m/crt0.o
LOAD Src/015uart_tx.o
LOAD Src/syscalls.o
LOAD Src/sysmem.o
LOAD Startup/startup_stm32f446retx.o
LOAD drivers/Src/stm32f446xx_gpio_driver.o
LOAD drivers/Src/stm32f446xx_i2c_driver.o
LOAD drivers/Src/stm32f446xx_rcc_driver.o
LOAD drivers/Src/stm32f446xx_spi_driver.o
LOAD drivers/Src/stm32f446xx_usart_driver.o
START GROUP
LOAD h:/softwares-installed/stm_ide/stm32cubeide_1.3.0/stm32cubeide/plugins/com.st.stm32cube.ide.mcu.externaltools.gnu-tools-for-stm32.7-2018-q2-update.win32_1.0.0.201904181610/tools/bin/../lib/gcc/arm-none-eabi/7.3.1/../../../../arm-none-eabi/lib/thumb/v7e-m\libc_nano.a
LOAD h:/softwares-installed/stm_ide/stm32cubeide_1.3.0/stm32cubeide/plugins/com.st.stm32cube.ide.mcu.externaltools.gnu-tools-for-stm32.7-2018-q2-update.win32_1.0.0.201904181610/tools/bin/../lib/gcc/arm-none-eabi/7.3.1/../../../../arm-none-eabi/lib/thumb/v7e-m\libm.a
END GROUP
START GROUP
LOAD h:/softwares-installed/stm_ide/stm32cubeide_1.3.0/stm32cubeide/plugins/com.st.stm32cube.ide.mcu.externaltools.gnu-tools-for-stm32.7-2018-q2-update.win32_1.0.0.201904181610/tools/bin/../lib/gcc/arm-none-eabi/7.3.1/thumb/v7e-m\libgcc.a
LOAD h:/softwares-installed/stm_ide/stm32cubeide_1.3.0/stm32cubeide/plugins/com.st.stm32cube.ide.mcu.externaltools.gnu-tools-for-stm32.7-2018-q2-update.win32_1.0.0.201904181610/tools/bin/../lib/gcc/arm-none-eabi/7.3.1/../../../../arm-none-eabi/lib/thumb/v7e-m\libc_nano.a
END GROUP
START GROUP
LOAD h:/softwares-installed/stm_ide/stm32cubeide_1.3.0/stm32cubeide/plugins/com.st.stm32cube.ide.mcu.externaltools.gnu-tools-for-stm32.7-2018-q2-update.win32_1.0.0.201904181610/tools/bin/../lib/gcc/arm-none-eabi/7.3.1/thumb/v7e-m\libgcc.a
LOAD h:/softwares-installed/stm_ide/stm32cubeide_1.3.0/stm32cubeide/plugins/com.st.stm32cube.ide.mcu.externaltools.gnu-tools-for-stm32.7-2018-q2-update.win32_1.0.0.201904181610/tools/bin/../lib/gcc/arm-none-eabi/7.3.1/../../../../arm-none-eabi/lib/thumb/v7e-m\libc_nano.a
LOAD h:/softwares-installed/stm_ide/stm32cubeide_1.3.0/stm32cubeide/plugins/com.st.stm32cube.ide.mcu.externaltools.gnu-tools-for-stm32.7-2018-q2-update.win32_1.0.0.201904181610/tools/bin/../lib/gcc/arm-none-eabi/7.3.1/../../../../arm-none-eabi/lib/thumb/v7e-m\libnosys.a
END GROUP
START GROUP
LOAD h:/softwares-installed/stm_ide/stm32cubeide_1.3.0/stm32cubeide/plugins/com.st.stm32cube.ide.mcu.externaltools.gnu-tools-for-stm32.7-2018-q2-update.win32_1.0.0.201904181610/tools/bin/../lib/gcc/arm-none-eabi/7.3.1/thumb/v7e-m\libgcc.a
LOAD h:/softwares-installed/stm_ide/stm32cubeide_1.3.0/stm32cubeide/plugins/com.st.stm32cube.ide.mcu.externaltools.gnu-tools-for-stm32.7-2018-q2-update.win32_1.0.0.201904181610/tools/bin/../lib/gcc/arm-none-eabi/7.3.1/../../../../arm-none-eabi/lib/thumb/v7e-m\libc_nano.a
LOAD h:/softwares-installed/stm_ide/stm32cubeide_1.3.0/stm32cubeide/plugins/com.st.stm32cube.ide.mcu.externaltools.gnu-tools-for-stm32.7-2018-q2-update.win32_1.0.0.201904181610/tools/bin/../lib/gcc/arm-none-eabi/7.3.1/../../../../arm-none-eabi/lib/thumb/v7e-m\libnosys.a
END GROUP
LOAD h:/softwares-installed/stm_ide/stm32cubeide_1.3.0/stm32cubeide/plugins/com.st.stm32cube.ide.mcu.externaltools.gnu-tools-for-stm32.7-2018-q2-update.win32_1.0.0.201904181610/tools/bin/../lib/gcc/arm-none-eabi/7.3.1/thumb/v7e-m/crtend.o
LOAD h:/softwares-installed/stm_ide/stm32cubeide_1.3.0/stm32cubeide/plugins/com.st.stm32cube.ide.mcu.externaltools.gnu-tools-for-stm32.7-2018-q2-update.win32_1.0.0.201904181610/tools/bin/../lib/gcc/arm-none-eabi/7.3.1/thumb/v7e-m/crtn.o
                0x0000000020020000                _estack = (ORIGIN (RAM) + LENGTH (RAM))
                0x0000000000000200                _Min_Heap_Size = 0x200
                0x0000000000000400                _Min_Stack_Size = 0x400

.isr_vector     0x0000000008000000      0x1c4
                0x0000000008000000                . = ALIGN (0x4)
 *(.isr_vector)
 .isr_vector    0x0000000008000000      0x1c4 Startup/startup_stm32f446retx.o
                0x0000000008000000                g_pfnVectors
                0x00000000080001c4                . = ALIGN (0x4)

.text           0x00000000080001c4      0xd0c
                0x00000000080001c4                . = ALIGN (0x4)
 *(.text)
 .text          0x00000000080001c4       0x40 h:/softwares-installed/stm_ide/stm32cubeide_1.3.0/stm32cubeide/plugins/com.st.stm32cube.ide.mcu.externaltools.gnu-tools-for-stm32.7-2018-q2-update.win32_1.0.0.201904181610/tools/bin/../lib/gcc/arm-none-eabi/7.3.1/thumb/v7e-m/crtbegin.o
 *(.text*)
 .text.delay    0x0000000008000204       0x28 Src/015uart_tx.o
                0x0000000008000204                delay
 .text.GPIO_ButtonInit
                0x000000000800022c       0x44 Src/015uart_tx.o
                0x000000000800022c                GPIO_ButtonInit
 .text.USART2_GPIOInit
                0x0000000008000270       0x50 Src/015uart_tx.o
                0x0000000008000270                USART2_GPIOInit
 .text.USART2_Init
                0x00000000080002c0       0x4c Src/015uart_tx.o
                0x00000000080002c0                USART2_Init
 .text.main     0x000000000800030c       0x4c Src/015uart_tx.o
                0x000000000800030c                main
 .text.Reset_Handler
                0x0000000008000358       0x50 Startup/startup_stm32f446retx.o
                0x0000000008000358                Reset_Handler
 .text.Default_Handler
                0x00000000080003a8        0x2 Startup/startup_stm32f446retx.o
                0x00000000080003a8                RTC_Alarm_IRQHandler
                0x00000000080003a8                EXTI2_IRQHandler
                0x00000000080003a8                TIM8_CC_IRQHandler
                0x00000000080003a8                SPDIF_Rx_IRQHandler
                0x00000000080003a8                DebugMon_Handler
                0x00000000080003a8                SPI4_IRQHandler
                0x00000000080003a8                TIM1_CC_IRQHandler
                0x00000000080003a8                QuadSPI_IRQHandler
                0x00000000080003a8                DMA2_Stream5_IRQHandler
                0x00000000080003a8                HardFault_Handler
                0x00000000080003a8                DMA1_Stream5_IRQHandler
                0x00000000080003a8                SysTick_Handler
                0x00000000080003a8                PVD_IRQHandler
                0x00000000080003a8                SDIO_IRQHandler
                0x00000000080003a8                TAMP_STAMP_IRQHandler
                0x00000000080003a8                PendSV_Handler
                0x00000000080003a8                NMI_Handler
                0x00000000080003a8                CAN2_RX1_IRQHandler
                0x00000000080003a8                EXTI3_IRQHandler
                0x00000000080003a8                TIM8_TRG_COM_TIM14_IRQHandler
                0x00000000080003a8                TIM1_UP_TIM10_IRQHandler
                0x00000000080003a8                FMPI2C1_error_IRQHandler
                0x00000000080003a8                TIM8_UP_TIM13_IRQHandler
                0x00000000080003a8                I2C3_ER_IRQHandler
                0x00000000080003a8                EXTI0_IRQHandler
                0x00000000080003a8                I2C2_EV_IRQHandler
                0x00000000080003a8                DMA1_Stream2_IRQHandler
                0x00000000080003a8                CAN1_RX0_IRQHandler
                0x00000000080003a8                FPU_IRQHandler
                0x00000000080003a8                OTG_HS_WKUP_IRQHandler
                0x00000000080003a8                UsageFault_Handler
                0x00000000080003a8                CAN2_SCE_IRQHandler
                0x00000000080003a8                DMA2_Stream2_IRQHandler
                0x00000000080003a8                SPI1_IRQHandler
                0x00000000080003a8                TIM6_DAC_IRQHandler
                0x00000000080003a8                TIM1_BRK_TIM9_IRQHandler
                0x00000000080003a8                DCMI_IRQHandler
                0x00000000080003a8                CAN2_RX0_IRQHandler
                0x00000000080003a8                DMA2_Stream3_IRQHandler
                0x00000000080003a8                FMPI2C1_IRQHandler
                0x00000000080003a8                SAI2_IRQHandler
                0x00000000080003a8                USART6_IRQHandler
                0x00000000080003a8                USART3_IRQHandler
                0x00000000080003a8                CAN1_RX1_IRQHandler
                0x00000000080003a8                UART5_IRQHandler
                0x00000000080003a8                DMA2_Stream0_IRQHandler
                0x00000000080003a8                TIM4_IRQHandler
                0x00000000080003a8                I2C1_EV_IRQHandler
                0x00000000080003a8                HDMI_CEC_IRQHandler
                0x00000000080003a8                DMA1_Stream6_IRQHandler
                0x00000000080003a8                DMA1_Stream1_IRQHandler
                0x00000000080003a8                UART4_IRQHandler
                0x00000000080003a8                TIM3_IRQHandler
                0x00000000080003a8                RCC_IRQHandler
                0x00000000080003a8                TIM8_BRK_TIM12_IRQHandler
                0x00000000080003a8                Default_Handler
                0x00000000080003a8                EXTI15_10_IRQHandler
                0x00000000080003a8                ADC_IRQHandler
                0x00000000080003a8                DMA1_Stream7_IRQHandler
                0x00000000080003a8                TIM7_IRQHandler
                0x00000000080003a8                CAN2_TX_IRQHandler
                0x00000000080003a8                TIM5_IRQHandler
                0x00000000080003a8                DMA2_Stream7_IRQHandler
                0x00000000080003a8                I2C3_EV_IRQHandler
                0x00000000080003a8                EXTI9_5_IRQHandler
                0x00000000080003a8                RTC_WKUP_IRQHandler
                0x00000000080003a8                SPI2_IRQHandler
                0x00000000080003a8                OTG_HS_EP1_IN_IRQHandler
                0x00000000080003a8                MemManage_Handler
                0x00000000080003a8                DMA1_Stream0_IRQHandler
                0x00000000080003a8                CAN1_TX_IRQHandler
                0x00000000080003a8                SVC_Handler
                0x00000000080003a8                EXTI4_IRQHandler
                0x00000000080003a8                OTG_HS_EP1_OUT_IRQHandler
                0x00000000080003a8                WWDG_IRQHandler
                0x00000000080003a8                TIM2_IRQHandler
                0x00000000080003a8                OTG_FS_WKUP_IRQHandler
                0x00000000080003a8                TIM1_TRG_COM_TIM11_IRQHandler
                0x00000000080003a8                OTG_HS_IRQHandler
                0x00000000080003a8                EXTI1_IRQHandler
                0x00000000080003a8                USART2_IRQHandler
                0x00000000080003a8                I2C2_ER_IRQHandler
                0x00000000080003a8                DMA2_Stream1_IRQHandler
                0x00000000080003a8                CAN1_SCE_IRQHandler
                0x00000000080003a8                FLASH_IRQHandler
                0x00000000080003a8                DMA2_Stream4_IRQHandler
                0x00000000080003a8                BusFault_Handler
                0x00000000080003a8                USART1_IRQHandler
                0x00000000080003a8                OTG_FS_IRQHandler
                0x00000000080003a8                SPI3_IRQHandler
                0x00000000080003a8                DMA1_Stream4_IRQHandler
                0x00000000080003a8                I2C1_ER_IRQHandler
                0x00000000080003a8                FMC_IRQHandler
                0x00000000080003a8                DMA2_Stream6_IRQHandler
                0x00000000080003a8                SAI1_IRQHandler
                0x00000000080003a8                DMA1_Stream3_IRQHandler
 *fill*         0x00000000080003aa        0x2 
 .text.GPIO_PeriClockControl
                0x00000000080003ac      0x1a0 drivers/Src/stm32f446xx_gpio_driver.o
                0x00000000080003ac                GPIO_PeriClockControl
 .text.GPIO_Init
                0x000000000800054c      0x334 drivers/Src/stm32f446xx_gpio_driver.o
                0x000000000800054c                GPIO_Init
 .text.GPIO_ReadFromInputPin
                0x0000000008000880       0x2a drivers/Src/stm32f446xx_gpio_driver.o
                0x0000000008000880                GPIO_ReadFromInputPin
 *fill*         0x00000000080008aa        0x2 
 .text.RCC_GetPCLK1Value
                0x00000000080008ac       0xb4 drivers/Src/stm32f446xx_rcc_driver.o
                0x00000000080008ac                RCC_GetPCLK1Value
 .text.RCC_GetPCLK2Value
                0x0000000008000960       0xb4 drivers/Src/stm32f446xx_rcc_driver.o
                0x0000000008000960                RCC_GetPCLK2Value
 .text.RCC_GetPLLClockOutput
                0x0000000008000a14       0x16 drivers/Src/stm32f446xx_rcc_driver.o
                0x0000000008000a14                RCC_GetPLLClockOutput
 *fill*         0x0000000008000a2a        0x2 
 .text.USART_PeriClockControl
                0x0000000008000a2c      0x140 drivers/Src/stm32f446xx_usart_driver.o
                0x0000000008000a2c                USART_PeriClockControl
 .text.USART_PeripheralControl
                0x0000000008000b6c       0x36 drivers/Src/stm32f446xx_usart_driver.o
                0x0000000008000b6c                USART_PeripheralControl
 .text.USART_GetFlagStatus
                0x0000000008000ba2       0x28 drivers/Src/stm32f446xx_usart_driver.o
                0x0000000008000ba2                USART_GetFlagStatus
 .text.USART_Init
                0x0000000008000bca      0x116 drivers/Src/stm32f446xx_usart_driver.o
                0x0000000008000bca                USART_Init
 .text.USART_SendData
                0x0000000008000ce0       0x9a drivers/Src/stm32f446xx_usart_driver.o
                0x0000000008000ce0                USART_SendData
 *fill*         0x0000000008000d7a        0x2 
 .text.USART_SetBaudRate
                0x0000000008000d7c       0xe4 drivers/Src/stm32f446xx_usart_driver.o
 .text.__libc_init_array
                0x0000000008000e60       0x48 h:/softwares-installed/stm_ide/stm32cubeide_1.3.0/stm32cubeide/plugins/com.st.stm32cube.ide.mcu.externaltools.gnu-tools-for-stm32.7-2018-q2-update.win32_1.0.0.201904181610/tools/bin/../lib/gcc/arm-none-eabi/7.3.1/../../../../arm-none-eabi/lib/thumb/v7e-m\libc_nano.a(lib_a-init.o)
                0x0000000008000e60                __libc_init_array
 .text.memset   0x0000000008000ea8       0x10 h:/softwares-installed/stm_ide/stm32cubeide_1.3.0/stm32cubeide/plugins/com.st.stm32cube.ide.mcu.externaltools.gnu-tools-for-stm32.7-2018-q2-update.win32_1.0.0.201904181610/tools/bin/../lib/gcc/arm-none-eabi/7.3.1/../../../../arm-none-eabi/lib/thumb/v7e-m\libc_nano.a(lib_a-memset.o)
                0x0000000008000ea8                memset
 *(.glue_7)
 .glue_7        0x0000000008000eb8        0x0 linker stubs
 *(.glue_7t)
 .glue_7t       0x0000000008000eb8        0x0 linker stubs
 *(.eh_frame)
 .eh_frame      0x0000000008000eb8        0x0 h:/softwares-installed/stm_ide/stm32cubeide_1.3.0/stm32cubeide/plugins/com.st.stm32cube.ide.mcu.externaltools.gnu-tools-for-stm32.7-2018-q2-update.win32_1.0.0.201904181610/tools/bin/../lib/gcc/arm-none-eabi/7.3.1/thumb/v7e-m/crtbegin.o
 *(.init)
 .init          0x0000000008000eb8        0x4 h:/softwares-installed/stm_ide/stm32cubeide_1.3.0/stm32cubeide/plugins/com.st.stm32cube.ide.mcu.externaltools.gnu-tools-for-stm32.7-2018-q2-update.win32_1.0.0.201904181610/tools/bin/../lib/gcc/arm-none-eabi/7.3.1/thumb/v7e-m/crti.o
                0x0000000008000eb8                _init
 .init          0x0000000008000ebc        0x8 h:/softwares-installed/stm_ide/stm32cubeide_1.3.0/stm32cubeide/plugins/com.st.stm32cube.ide.mcu.externaltools.gnu-tools-for-stm32.7-2018-q2-update.win32_1.0.0.201904181610/tools/bin/../lib/gcc/arm-none-eabi/7.3.1/thumb/v7e-m/crtn.o
 *(.fini)
 .fini          0x0000000008000ec4        0x4 h:/softwares-installed/stm_ide/stm32cubeide_1.3.0/stm32cubeide/plugins/com.st.stm32cube.ide.mcu.externaltools.gnu-tools-for-stm32.7-2018-q2-update.win32_1.0.0.201904181610/tools/bin/../lib/gcc/arm-none-eabi/7.3.1/thumb/v7e-m/crti.o
                0x0000000008000ec4                _fini
 .fini          0x0000000008000ec8        0x8 h:/softwares-installed/stm_ide/stm32cubeide_1.3.0/stm32cubeide/plugins/com.st.stm32cube.ide.mcu.externaltools.gnu-tools-for-stm32.7-2018-q2-update.win32_1.0.0.201904181610/tools/bin/../lib/gcc/arm-none-eabi/7.3.1/thumb/v7e-m/crtn.o
                0x0000000008000ed0                . = ALIGN (0x4)
                0x0000000008000ed0                _etext = .

.vfp11_veneer   0x0000000008000ed0        0x0
 .vfp11_veneer  0x0000000008000ed0        0x0 linker stubs

.v4_bx          0x0000000008000ed0        0x0
 .v4_bx         0x0000000008000ed0        0x0 linker stubs

.iplt           0x0000000008000ed0        0x0
 .iplt          0x0000000008000ed0        0x0 h:/softwares-installed/stm_ide/stm32cubeide_1.3.0/stm32cubeide/plugins/com.st.stm32cube.ide.mcu.externaltools.gnu-tools-for-stm32.7-2018-q2-update.win32_1.0.0.201904181610/tools/bin/../lib/gcc/arm-none-eabi/7.3.1/thumb/v7e-m/crtbegin.o

.rel.dyn        0x0000000008000ed0        0x0
 .rel.iplt      0x0000000008000ed0        0x0 h:/softwares-installed/stm_ide/stm32cubeide_1.3.0/stm32cubeide/plugins/com.st.stm32cube.ide.mcu.externaltools.gnu-tools-for-stm32.7-2018-q2-update.win32_1.0.0.201904181610/tools/bin/../lib/gcc/arm-none-eabi/7.3.1/thumb/v7e-m/crtbegin.o

.rodata         0x0000000008000ed0        0x0
                0x0000000008000ed0                . = ALIGN (0x4)
 *(.rodata)
 *(.rodata*)
                0x0000000008000ed0                . = ALIGN (0x4)

.ARM.extab      0x0000000008000ed0        0x0
                0x0000000008000ed0                . = ALIGN (0x4)
 *(.ARM.extab* .gnu.linkonce.armextab.*)
                0x0000000008000ed0                . = ALIGN (0x4)

.ARM            0x0000000008000ed0        0x0
                0x0000000008000ed0                . = ALIGN (0x4)
                0x0000000008000ed0                __exidx_start = .
 *(.ARM.exidx*)
                0x0000000008000ed0                __exidx_end = .
                0x0000000008000ed0                . = ALIGN (0x4)

.preinit_array  0x0000000008000ed0        0x0
                0x0000000008000ed0                . = ALIGN (0x4)
                0x0000000008000ed0                PROVIDE (__preinit_array_start = .)
 *(.preinit_array*)
                0x0000000008000ed0                PROVIDE (__preinit_array_end = .)
                0x0000000008000ed0                . = ALIGN (0x4)

.init_array     0x0000000008000ed0        0x4
                0x0000000008000ed0                . = ALIGN (0x4)
                0x0000000008000ed0                PROVIDE (__init_array_start = .)
 *(SORT_BY_NAME(.init_array.*))
 *(.init_array*)
 .init_array    0x0000000008000ed0        0x4 h:/softwares-installed/stm_ide/stm32cubeide_1.3.0/stm32cubeide/plugins/com.st.stm32cube.ide.mcu.externaltools.gnu-tools-for-stm32.7-2018-q2-update.win32_1.0.0.201904181610/tools/bin/../lib/gcc/arm-none-eabi/7.3.1/thumb/v7e-m/crtbegin.o
                0x0000000008000ed4                PROVIDE (__init_array_end = .)
                0x0000000008000ed4                . = ALIGN (0x4)

.fini_array     0x0000000008000ed4        0x4
                0x0000000008000ed4                . = ALIGN (0x4)
                [!provide]                        PROVIDE (__fini_array_start = .)
 *(SORT_BY_NAME(.fini_array.*))
 *(.fini_array*)
 .fini_array    0x0000000008000ed4        0x4 h:/softwares-installed/stm_ide/stm32cubeide_1.3.0/stm32cubeide/plugins/com.st.stm32cube.ide.mcu.externaltools.gnu-tools-for-stm32.7-2018-q2-update.win32_1.0.0.201904181610/tools/bin/../lib/gcc/arm-none-eabi/7.3.1/thumb/v7e-m/crtbegin.o
                [!provide]                        PROVIDE (__fini_array_end = .)
                0x0000000008000ed8                . = ALIGN (0x4)
                0x0000000008000ed8                _sidata = LOADADDR (.data)

.data           0x0000000020000000       0x18 load address 0x0000000008000ed8
                0x0000000020000000                . = ALIGN (0x4)
                0x0000000020000000                _sdata = .
 *(.data)
 *(.data*)
 .data.AHB_PreScaler
                0x0000000020000000       0x10 drivers/Src/stm32f446xx_rcc_driver.o
                0x0000000020000000                AHB_PreScaler
 .data.APB1_PreScaler
                0x0000000020000010        0x4 drivers/Src/stm32f446xx_rcc_driver.o
                0x0000000020000010                APB1_PreScaler
 .data.APB2_PreScaler
                0x0000000020000014        0x4 drivers/Src/stm32f446xx_rcc_driver.o
                0x0000000020000014                APB2_PreScaler
                0x0000000020000018                . = ALIGN (0x4)
                0x0000000020000018                _edata = .

.igot.plt       0x0000000020000018        0x0 load address 0x0000000008000ef0
 .igot.plt      0x0000000020000018        0x0 h:/softwares-installed/stm_ide/stm32cubeide_1.3.0/stm32cubeide/plugins/com.st.stm32cube.ide.mcu.externaltools.gnu-tools-for-stm32.7-2018-q2-update.win32_1.0.0.201904181610/tools/bin/../lib/gcc/arm-none-eabi/7.3.1/thumb/v7e-m/crtbegin.o
                0x0000000020000018                . = ALIGN (0x4)

.bss            0x0000000020000018       0x2c load address 0x0000000008000ef0
                0x0000000020000018                _sbss = .
                0x0000000020000018                __bss_start__ = _sbss
 *(.bss)
 .bss           0x0000000020000018       0x1c h:/softwares-installed/stm_ide/stm32cubeide_1.3.0/stm32cubeide/plugins/com.st.stm32cube.ide.mcu.externaltools.gnu-tools-for-stm32.7-2018-q2-update.win32_1.0.0.201904181610/tools/bin/../lib/gcc/arm-none-eabi/7.3.1/thumb/v7e-m/crtbegin.o
 *(.bss*)
 *(COMMON)
 COMMON         0x0000000020000034       0x10 Src/015uart_tx.o
                0x0000000020000034                USART2_Handle
                0x0000000020000044                . = ALIGN (0x4)
                0x0000000020000044                _ebss = .
                0x0000000020000044                __bss_end__ = _ebss

._user_heap_stack
                0x0000000020000044      0x604 load address 0x0000000008000ef0
                0x0000000020000048                . = ALIGN (0x8)
 *fill*         0x0000000020000044        0x4 
                0x0000000020000048                PROVIDE (end = .)
                [!provide]                        PROVIDE (_end = .)
                0x0000000020000248                . = (. + _Min_Heap_Size)
 *fill*         0x0000000020000048      0x200 
                0x0000000020000648                . = (. + _Min_Stack_Size)
 *fill*         0x0000000020000248      0x400 
                0x0000000020000648                . = ALIGN (0x8)

/DISCARD/
 libc.a(*)
 libm.a(*)
 libgcc.a(*)

.ARM.attributes
                0x0000000000000000       0x2a
 *(.ARM.attributes)
 .ARM.attributes
                0x0000000000000000       0x1e h:/softwares-installed/stm_ide/stm32cubeide_1.3.0/stm32cubeide/plugins/com.st.stm32cube.ide.mcu.externaltools.gnu-tools-for-stm32.7-2018-q2-update.win32_1.0.0.201904181610/tools/bin/../lib/gcc/arm-none-eabi/7.3.1/thumb/v7e-m/crti.o
 .ARM.attributes
                0x000000000000001e       0x2e h:/softwares-installed/stm_ide/stm32cubeide_1.3.0/stm32cubeide/plugins/com.st.stm32cube.ide.mcu.externaltools.gnu-tools-for-stm32.7-2018-q2-update.win32_1.0.0.201904181610/tools/bin/../lib/gcc/arm-none-eabi/7.3.1/thumb/v7e-m/crtbegin.o
 .ARM.attributes
                0x000000000000004c       0x33 Src/015uart_tx.o
 .ARM.attributes
                0x000000000000007f       0x21 Startup/startup_stm32f446retx.o
 .ARM.attributes
                0x00000000000000a0       0x33 drivers/Src/stm32f446xx_gpio_driver.o
 .ARM.attributes
                0x00000000000000d3       0x33 drivers/Src/stm32f446xx_rcc_driver.o
 .ARM.attributes
                0x0000000000000106       0x33 drivers/Src/stm32f446xx_usart_driver.o
 .ARM.attributes
                0x0000000000000139       0x2e h:/softwares-installed/stm_ide/stm32cubeide_1.3.0/stm32cubeide/plugins/com.st.stm32cube.ide.mcu.externaltools.gnu-tools-for-stm32.7-2018-q2-update.win32_1.0.0.201904181610/tools/bin/../lib/gcc/arm-none-eabi/7.3.1/../../../../arm-none-eabi/lib/thumb/v7e-m\libc_nano.a(lib_a-init.o)
 .ARM.attributes
                0x0000000000000167       0x2e h:/softwares-installed/stm_ide/stm32cubeide_1.3.0/stm32cubeide/plugins/com.st.stm32cube.ide.mcu.externaltools.gnu-tools-for-stm32.7-2018-q2-update.win32_1.0.0.201904181610/tools/bin/../lib/gcc/arm-none-eabi/7.3.1/../../../../arm-none-eabi/lib/thumb/v7e-m\libc_nano.a(lib_a-memset.o)
 .ARM.attributes
                0x0000000000000195       0x1e h:/softwares-installed/stm_ide/stm32cubeide_1.3.0/stm32cubeide/plugins/com.st.stm32cube.ide.mcu.externaltools.gnu-tools-for-stm32.7-2018-q2-update.win32_1.0.0.201904181610/tools/bin/../lib/gcc/arm-none-eabi/7.3.1/thumb/v7e-m/crtn.o
OUTPUT(stm32f446xx_drivers.elf elf32-littlearm)

.debug_info     0x0000000000000000     0x1dd6
 .debug_info    0x0000000000000000      0xba3 Src/015uart_tx.o
 .debug_info    0x0000000000000ba3       0x22 Startup/startup_stm32f446retx.o
 .debug_info    0x0000000000000bc5      0x76e drivers/Src/stm32f446xx_gpio_driver.o
 .debug_info    0x0000000000001333      0x3cc drivers/Src/stm32f446xx_rcc_driver.o
 .debug_info    0x00000000000016ff      0x6d7 drivers/Src/stm32f446xx_usart_driver.o

.debug_abbrev   0x0000000000000000      0x60e
 .debug_abbrev  0x0000000000000000      0x217 Src/015uart_tx.o
 .debug_abbrev  0x0000000000000217       0x12 Startup/startup_stm32f446retx.o
 .debug_abbrev  0x0000000000000229      0x159 drivers/Src/stm32f446xx_gpio_driver.o
 .debug_abbrev  0x0000000000000382       0xee drivers/Src/stm32f446xx_rcc_driver.o
 .debug_abbrev  0x0000000000000470      0x19e drivers/Src/stm32f446xx_usart_driver.o

.debug_aranges  0x0000000000000000      0x180
 .debug_aranges
                0x0000000000000000       0x40 Src/015uart_tx.o
 .debug_aranges
                0x0000000000000040       0x28 Startup/startup_stm32f446retx.o
 .debug_aranges
                0x0000000000000068       0x70 drivers/Src/stm32f446xx_gpio_driver.o
 .debug_aranges
                0x00000000000000d8       0x30 drivers/Src/stm32f446xx_rcc_driver.o
 .debug_aranges
                0x0000000000000108       0x78 drivers/Src/stm32f446xx_usart_driver.o

.debug_ranges   0x0000000000000000      0x138
 .debug_ranges  0x0000000000000000       0x30 Src/015uart_tx.o
 .debug_ranges  0x0000000000000030       0x20 Startup/startup_stm32f446retx.o
 .debug_ranges  0x0000000000000050       0x60 drivers/Src/stm32f446xx_gpio_driver.o
 .debug_ranges  0x00000000000000b0       0x20 drivers/Src/stm32f446xx_rcc_driver.o
 .debug_ranges  0x00000000000000d0       0x68 drivers/Src/stm32f446xx_usart_driver.o

.debug_macro    0x0000000000000000     0x2b43
 .debug_macro   0x0000000000000000      0x26e Src/015uart_tx.o
 .debug_macro   0x000000000000026e      0xa66 Src/015uart_tx.o
 .debug_macro   0x0000000000000cd4       0x22 Src/015uart_tx.o
 .debug_macro   0x0000000000000cf6       0x8e Src/015uart_tx.o
 .debug_macro   0x0000000000000d84       0x51 Src/015uart_tx.o
 .debug_macro   0x0000000000000dd5       0xef Src/015uart_tx.o
 .debug_macro   0x0000000000000ec4       0x6a Src/015uart_tx.o
 .debug_macro   0x0000000000000f2e      0x1df Src/015uart_tx.o
 .debug_macro   0x000000000000110d      0x174 Src/015uart_tx.o
 .debug_macro   0x0000000000001281      0x825 Src/015uart_tx.o
 .debug_macro   0x0000000000001aa6       0xc4 Src/015uart_tx.o
 .debug_macro   0x0000000000001b6a       0xbe Src/015uart_tx.o
 .debug_macro   0x0000000000001c28       0xe8 Src/015uart_tx.o
 .debug_macro   0x0000000000001d10       0xe8 Src/015uart_tx.o
 .debug_macro   0x0000000000001df8       0x46 Src/015uart_tx.o
 .debug_macro   0x0000000000001e3e       0x18 Src/015uart_tx.o
 .debug_macro   0x0000000000001e56       0x3c Src/015uart_tx.o
 .debug_macro   0x0000000000001e92       0x34 Src/015uart_tx.o
 .debug_macro   0x0000000000001ec6       0x52 Src/015uart_tx.o
 .debug_macro   0x0000000000001f18       0x1f Src/015uart_tx.o
 .debug_macro   0x0000000000001f37       0x43 Src/015uart_tx.o
 .debug_macro   0x0000000000001f7a       0x20 Src/015uart_tx.o
 .debug_macro   0x0000000000001f9a      0x1a3 Src/015uart_tx.o
 .debug_macro   0x000000000000213d      0x330 Src/015uart_tx.o
 .debug_macro   0x000000000000246d       0x10 Src/015uart_tx.o
 .debug_macro   0x000000000000247d       0x35 Src/015uart_tx.o
 .debug_macro   0x00000000000024b2       0x20 Src/015uart_tx.o
 .debug_macro   0x00000000000024d2       0x1c Src/015uart_tx.o
 .debug_macro   0x00000000000024ee       0x10 Src/015uart_tx.o
 .debug_macro   0x00000000000024fe       0x10 Src/015uart_tx.o
 .debug_macro   0x000000000000250e       0x1c Src/015uart_tx.o
 .debug_macro   0x000000000000252a       0x52 Src/015uart_tx.o
 .debug_macro   0x000000000000257c       0x40 Src/015uart_tx.o
 .debug_macro   0x00000000000025bc       0x10 Src/015uart_tx.o
 .debug_macro   0x00000000000025cc       0x40 Src/015uart_tx.o
 .debug_macro   0x000000000000260c       0xd7 Src/015uart_tx.o
 .debug_macro   0x00000000000026e3       0x1c Src/015uart_tx.o
 .debug_macro   0x00000000000026ff       0x3d Src/015uart_tx.o
 .debug_macro   0x000000000000273c       0x16 Src/015uart_tx.o
 .debug_macro   0x0000000000002752      0x145 Src/015uart_tx.o
 .debug_macro   0x0000000000002897       0xe4 drivers/Src/stm32f446xx_gpio_driver.o
 .debug_macro   0x000000000000297b       0xe4 drivers/Src/stm32f446xx_rcc_driver.o
 .debug_macro   0x0000000000002a5f       0xe4 drivers/Src/stm32f446xx_usart_driver.o

.debug_line     0x0000000000000000     0x2106
 .debug_line    0x0000000000000000      0x988 Src/015uart_tx.o
 .debug_line    0x0000000000000988       0x84 Startup/startup_stm32f446retx.o
 .debug_line    0x0000000000000a0c      0x853 drivers/Src/stm32f446xx_gpio_driver.o
 .debug_line    0x000000000000125f      0x680 drivers/Src/stm32f446xx_rcc_driver.o
 .debug_line    0x00000000000018df      0x827 drivers/Src/stm32f446xx_usart_driver.o

.debug_str      0x0000000000000000     0xb684
 .debug_str     0x0000000000000000     0xb15d Src/015uart_tx.o
                                       0xb3bd (size before relaxing)
 .debug_str     0x000000000000b15d       0x31 Startup/startup_stm32f446retx.o
                                         0x65 (size before relaxing)
 .debug_str     0x000000000000b18e      0x2b6 drivers/Src/stm32f446xx_gpio_driver.o
                                       0x7413 (size before relaxing)
 .debug_str     0x000000000000b444       0xbc drivers/Src/stm32f446xx_rcc_driver.o
                                       0x7259 (size before relaxing)
 .debug_str     0x000000000000b500      0x184 drivers/Src/stm32f446xx_usart_driver.o
                                       0x73fd (size before relaxing)

.comment        0x0000000000000000       0x7b
 .comment       0x0000000000000000       0x7b Src/015uart_tx.o
                                         0x7c (size before relaxing)
 .comment       0x000000000000007b       0x7c drivers/Src/stm32f446xx_gpio_driver.o
 .comment       0x000000000000007b       0x7c drivers/Src/stm32f446xx_rcc_driver.o
 .comment       0x000000000000007b       0x7c drivers/Src/stm32f446xx_usart_driver.o

.debug_frame    0x0000000000000000      0x530
 .debug_frame   0x0000000000000000       0xbc Src/015uart_tx.o
 .debug_frame   0x00000000000000bc      0x1c8 drivers/Src/stm32f446xx_gpio_driver.o
 .debug_frame   0x0000000000000284       0x80 drivers/Src/stm32f446xx_rcc_driver.o
 .debug_frame   0x0000000000000304      0x1e0 drivers/Src/stm32f446xx_usart_driver.o
 .debug_frame   0x00000000000004e4       0x2c h:/softwares-installed/stm_ide/stm32cubeide_1.3.0/stm32cubeide/plugins/com.st.stm32cube.ide.mcu.externaltools.gnu-tools-for-stm32.7-2018-q2-update.win32_1.0.0.201904181610/tools/bin/../lib/gcc/arm-none-eabi/7.3.1/../../../../arm-none-eabi/lib/thumb/v7e-m\libc_nano.a(lib_a-init.o)
 .debug_frame   0x0000000000000510       0x20 h:/softwares-installed/stm_ide/stm32cubeide_1.3.0/stm32cubeide/plugins/com.st.stm32cube.ide.mcu.externaltools.gnu-tools-for-stm32.7-2018-q2-update.win32_1.0.0.201904181610/tools/bin/../lib/gcc/arm-none-eabi/7.3.1/../../../../arm-none-eabi/lib/thumb/v7e-m\libc_nano.a(lib_a-memset.o)
