19:05:54 **** Incremental Build of configuration Debug for project stm32f446xx_drivers ****
make -j4 all 
arm-none-eabi-gcc "../drivers/Src/stm32f446xx_gpio_driver.c" -mcpu=cortex-m4 -std=gnu11 -g3 -DSTM32 -DSTM32F4 -DSTM32F446RETx -DDEBUG -DNUCLEO_F446RE -c -I../Inc -I"G:/Courses/MCU1/Workspace/stm32f446xx_drivers/Inc" -I"G:/Courses/MCU1/Workspace/stm32f446xx_drivers/drivers/Inc" -O0 -ffunction-sections -fdata-sections -Wall -fstack-usage -MMD -MP -MF"drivers/Src/stm32f446xx_gpio_driver.d" -MT"drivers/Src/stm32f446xx_gpio_driver.o" --specs=nano.specs -mfloat-abi=soft -mthumb -o "drivers/Src/stm32f446xx_gpio_driver.o"
arm-none-eabi-gcc "../Src/005button_interrupt.c" -mcpu=cortex-m4 -std=gnu11 -g3 -DSTM32 -DSTM32F4 -DSTM32F446RETx -DDEBUG -DNUCLEO_F446RE -c -I../Inc -I"G:/Courses/MCU1/Workspace/stm32f446xx_drivers/Inc" -I"G:/Courses/MCU1/Workspace/stm32f446xx_drivers/drivers/Inc" -O0 -ffunction-sections -fdata-sections -Wall -fstack-usage -MMD -MP -MF"Src/005button_interrupt.d" -MT"Src/005button_interrupt.o" --specs=nano.specs -mfloat-abi=soft -mthumb -o "Src/005button_interrupt.o"
arm-none-eabi-gcc -o "stm32f446xx_drivers.elf" @"objects.list"   -mcpu=cortex-m4 -T"G:\Courses\MCU1\Workspace\stm32f446xx_drivers\STM32F446RETX_FLASH.ld" --specs=nosys.specs -Wl,-Map="stm32f446xx_drivers.map" -Wl,--gc-sections -static --specs=nano.specs -mfloat-abi=soft -mthumb -Wl,--start-group -lc -lm -Wl,--end-group
Finished building target: stm32f446xx_drivers.elf
 
arm-none-eabi-objdump -h -S  stm32f446xx_drivers.elf  > "stm32f446xx_drivers.list"
arm-none-eabi-objcopy  -O binary  stm32f446xx_drivers.elf  "stm32f446xx_drivers.bin"
arm-none-eabi-size   stm32f446xx_drivers.elf 
   text	   data	    bss	    dec	    hex	filename
   2592	      8	   1592	   4192	   1060	stm32f446xx_drivers.elf
Finished building: default.size.stdout
 
Finished building: stm32f446xx_drivers.bin
Finished building: stm32f446xx_drivers.list
 
 

19:05:55 Build Finished. 0 errors, 0 warnings. (took 1s.475ms)

