19:35:47 **** Incremental Build of configuration Debug for project stm32f446xx_drivers_test ****
make -j4 all 
arm-none-eabi-gcc "../Src/005Interrupt_Button.c" -mcpu=cortex-m4 -std=gnu11 -g3 -DSTM32 -DSTM32F4 -DSTM32F446RETx -DDEBUG -DNUCLEO_F446RE -c -I../Inc -I"G:/Courses/STM32-Embedded/MCU1/Workspace/stm32f446xx_drivers_test/drivers/Inc" -O0 -ffunction-sections -fdata-sections -Wall -fstack-usage -MMD -MP -MF"Src/005Interrupt_Button.d" -MT"Src/005Interrupt_Button.o" --specs=nano.specs -mfpu=fpv4-sp-d16 -mfloat-abi=hard -mthumb -o "Src/005Interrupt_Button.o"
arm-none-eabi-gcc -o "stm32f446xx_drivers_test.elf" @"objects.list"   -mcpu=cortex-m4 -T"G:\Courses\STM32-Embedded\MCU1\Workspace\stm32f446xx_drivers_test\STM32F446RETX_FLASH.ld" --specs=nosys.specs -Wl,-Map="stm32f446xx_drivers_test.map" -Wl,--gc-sections -static --specs=nano.specs -mfpu=fpv4-sp-d16 -mfloat-abi=hard -mthumb -Wl,--start-group -lc -lm -Wl,--end-group
Finished building target: stm32f446xx_drivers_test.elf
 
arm-none-eabi-objdump -h -S  stm32f446xx_drivers_test.elf  > "stm32f446xx_drivers_test.list"
arm-none-eabi-objcopy  -O binary  stm32f446xx_drivers_test.elf  "stm32f446xx_drivers_test.bin"
arm-none-eabi-size   stm32f446xx_drivers_test.elf 
   text	   data	    bss	    dec	    hex	filename
   2180	      8	   1592	   3780	    ec4	stm32f446xx_drivers_test.elf
Finished building: default.size.stdout
 
Finished building: stm32f446xx_drivers_test.bin
Finished building: stm32f446xx_drivers_test.list
 
 

19:35:48 Build Finished. 0 errors, 0 warnings. (took 1s.0ms)

